../Core/Src/main.c:64:5:_write	1
../Core/Src/main.c:73:13:i2c_scan	3
../Core/Src/main.c:92:13:lcd_write	1
../Core/Src/main.c:97:13:lcd_pulse	1
../Core/Src/main.c:105:13:lcd_write4	2
../Core/Src/main.c:117:13:lcd_cmd	1
../Core/Src/main.c:124:13:lcd_data	1
../Core/Src/main.c:131:13:lcd_init	1
../Core/Src/main.c:148:13:lcd_set_cursor	1
../Core/Src/main.c:155:13:lcd_print	2
../Core/Src/main.c:167:5:main	2
../Core/Src/main.c:241:6:SystemClock_Config	3
../Core/Src/main.c:289:13:MX_I2C1_Init	2
../Core/Src/main.c:323:13:MX_USART2_UART_Init	2
../Core/Src/main.c:356:13:MX_GPIO_Init	1
../Core/Src/main.c:398:6:Error_Handler	1
