../Core/Src/main.c:64:5:_write	24	static
../Core/Src/main.c:73:13:i2c_scan	16	static
../Core/Src/main.c:92:13:lcd_write	24	static
../Core/Src/main.c:97:13:lcd_pulse	16	static
../Core/Src/main.c:105:13:lcd_write4	24	static
../Core/Src/main.c:117:13:lcd_cmd	16	static
../Core/Src/main.c:124:13:lcd_data	16	static
../Core/Src/main.c:131:13:lcd_init	8	static
../Core/Src/main.c:148:13:lcd_set_cursor	16	static
../Core/Src/main.c:155:13:lcd_print	16	static
../Core/Src/main.c:167:5:main	32	static
../Core/Src/main.c:241:6:SystemClock_Config	88	static
../Core/Src/main.c:289:13:MX_I2C1_Init	8	static
../Core/Src/main.c:323:13:MX_USART2_UART_Init	8	static
../Core/Src/main.c:356:13:MX_GPIO_Init	48	static
../Core/Src/main.c:398:6:Error_Handler	4	static,ignoring_inline_asm
