15:42:35 **** Incremental Build of configuration Debug for project stm32-motor-feedback-control ****
make -j8 all 
arm-none-eabi-size  stm32-motor-feedback-control.elf 
   text	   data	    bss	    dec	    hex	filename
  49540	    484	   2692	  52716	   cdec	stm32-motor-feedback-control.elf
Finished building: default.size.stdout
 
15:42:43 **** Incremental Build of configuration Debug for project stm32-motor-feedback-control ****
make -j8 all 
arm-none-eabi-size  stm32-motor-feedback-control.elf 
   text	   data	    bss	    dec	    hex	filename
  49540	    484	   2692	  52716	   cdec	stm32-motor-feedback-control.elf
Finished building: default.size.stdout
 
15:43:15 **** Incremental Build of configuration Debug for project stm32-motor-feedback-control ****
make -j8 all 
arm-none-eabi-size  stm32-motor-feedback-control.elf 
   text	   data	    bss	    dec	    hex	filename
  49540	    484	   2692	  52716	   cdec	stm32-motor-feedback-control.elf
Finished building: default.size.stdout
 
15:44:29 **** Incremental Build of configuration Debug for project stm32-motor-feedback-control ****
make -j8 all 
arm-none-eabi-size  stm32-motor-feedback-control.elf 
   text	   data	    bss	    dec	    hex	filename
  49540	    484	   2692	  52716	   cdec	stm32-motor-feedback-control.elf
Finished building: default.size.stdout
 
15:47:33 **** Clean-only build of configuration Debug for project stm32-motor-feedback-control ****
make -j8 clean 
rm -rf ./Drivers/STM32F4xx_HAL_Driver/Src/stm32f4xx_hal.cyclo ./Drivers/STM32F4xx_HAL_Driver/Src/stm32f4xx_hal.d ./Drivers/STM32F4xx_HAL_Driver/Src/stm32f4xx_hal.o ./Drivers/STM32F4xx_HAL_Driver/Src/stm32f4xx_hal.su ./Drivers/STM32F4xx_HAL_Driver/Src/stm32f4xx_hal_cortex.cyclo ./Drivers/STM32F4xx_HAL_Driver/Src/stm32f4xx_hal_cortex.d ./Drivers/STM32F4xx_HAL_Driver/Src/stm32f4xx_hal_cortex.o ./Drivers/STM32F4xx_HAL_Driver/Src/stm32f4xx_hal_cortex.su ./Drivers/STM32F4xx_HAL_Driver/Src/stm32f4xx_hal_dma.cyclo ./Drivers/STM32F4xx_HAL_Driver/Src/stm32f4xx_hal_dma.d ./Drivers/STM32F4xx_HAL_Driver/Src/stm32f4xx_hal_dma.o ./Drivers/STM32F4xx_HAL_Driver/Src/stm32f4xx_hal_dma.su ./Drivers/STM32F4xx_HAL_Driver/Src/stm32f4xx_hal_dma_ex.cyclo ./Drivers/STM32F4xx_HAL_Driver/Src/stm32f4xx_hal_dma_ex.d ./Drivers/STM32F4xx_HAL_Driver/Src/stm32f4xx_hal_dma_ex.o ./Drivers/STM32F4xx_HAL_Driver/Src/stm32f4xx_hal_dma_ex.su ./Drivers/STM32F4xx_HAL_Driver/Src/stm32f4xx_hal_exti.cyclo ./Drivers/STM32F4xx_HAL_Driver/Src/stm32f4xx_hal_exti.d ./Drivers/STM32F4xx_HAL_Driver/Src/stm32f4xx_hal_exti.o ./Drivers/STM32F4xx_HAL_Driver/Src/stm32f4xx_hal_exti.su ./Drivers/STM32F4xx_HAL_Driver/Src/stm32f4xx_hal_flash.cyclo ./Drivers/STM32F4xx_HAL_Driver/Src/stm32f4xx_hal_flash.d ./Drivers/STM32F4xx_HAL_Driver/Src/stm32f4xx_hal_flash.o ./Drivers/STM32F4xx_HAL_Driver/Src/stm32f4xx_hal_flash.su ./Drivers/STM32F4xx_HAL_Driver/Src/stm32f4xx_hal_flash_ex.cyclo ./Drivers/STM32F4xx_HAL_Driver/Src/stm32f4xx_hal_flash_ex.d ./Drivers/STM32F4xx_HAL_Driver/Src/stm32f4xx_hal_flash_ex.o ./Drivers/STM32F4xx_HAL_Driver/Src/stm32f4xx_hal_flash_ex.su ./Drivers/STM32F4xx_HAL_Driver/Src/stm32f4xx_hal_flash_ramfunc.cyclo ./Drivers/STM32F4xx_HAL_Driver/Src/stm32f4xx_hal_flash_ramfunc.d ./Drivers/STM32F4xx_HAL_Driver/Src/stm32f4xx_hal_flash_ramfunc.o ./Drivers/STM32F4xx_HAL_Driver/Src/stm32f4xx_hal_flash_ramfunc.su ./Drivers/STM32F4xx_HAL_Driver/Src/stm32f4xx_hal_gpio.cyclo ./Drivers/STM32F4xx_HAL_Driver/Src/stm32f4xx_hal_gpio.d ./Drivers/STM32F4xx_HAL_Driver/Src/stm32f4xx_hal_gpio.o ./Drivers/STM32F4xx_HAL_Driver/Src/stm32f4xx_hal_gpio.su ./Drivers/STM32F4xx_HAL_Driver/Src/stm32f4xx_hal_i2c.cyclo ./Drivers/STM32F4xx_HAL_Driver/Src/stm32f4xx_hal_i2c.d ./Drivers/STM32F4xx_HAL_Driver/Src/stm32f4xx_hal_i2c.o ./Drivers/STM32F4xx_HAL_Driver/Src/stm32f4xx_hal_i2c.su ./Drivers/STM32F4xx_HAL_Driver/Src/stm32f4xx_hal_i2c_ex.cyclo ./Drivers/STM32F4xx_HAL_Driver/Src/stm32f4xx_hal_i2c_ex.d ./Drivers/STM32F4xx_HAL_Driver/Src/stm32f4xx_hal_i2c_ex.o ./Drivers/STM32F4xx_HAL_Driver/Src/stm32f4xx_hal_i2c_ex.su ./Drivers/STM32F4xx_HAL_Driver/Src/stm32f4xx_hal_pwr.cyclo ./Drivers/STM32F4xx_HAL_Driver/Src/stm32f4xx_hal_pwr.d ./Drivers/STM32F4xx_HAL_Driver/Src/stm32f4xx_hal_pwr.o ./Drivers/STM32F4xx_HAL_Driver/Src/stm32f4xx_hal_pwr.su ./Drivers/STM32F4xx_HAL_Driver/Src/stm32f4xx_hal_pwr_ex.cyclo ./Drivers/STM32F4xx_HAL_Driver/Src/stm32f4xx_hal_pwr_ex.d ./Drivers/STM32F4xx_HAL_Driver/Src/stm32f4xx_hal_pwr_ex.o ./Drivers/STM32F4xx_HAL_Driver/Src/stm32f4xx_hal_pwr_ex.su ./Drivers/STM32F4xx_HAL_Driver/Src/stm32f4xx_hal_rcc.cyclo ./Drivers/STM32F4xx_HAL_Driver/Src/stm32f4xx_hal_rcc.d ./Drivers/STM32F4xx_HAL_Driver/Src/stm32f4xx_hal_rcc.o ./Drivers/STM32F4xx_HAL_Driver/Src/stm32f4xx_hal_rcc.su ./Drivers/STM32F4xx_HAL_Driver/Src/stm32f4xx_hal_rcc_ex.cyclo ./Drivers/STM32F4xx_HAL_Driver/Src/stm32f4xx_hal_rcc_ex.d ./Drivers/STM32F4xx_HAL_Driver/Src/stm32f4xx_hal_rcc_ex.o ./Drivers/STM32F4xx_HAL_Driver/Src/stm32f4xx_hal_rcc_ex.su ./Drivers/STM32F4xx_HAL_Driver/Src/stm32f4xx_hal_tim.cyclo ./Drivers/STM32F4xx_HAL_Driver/Src/stm32f4xx_hal_tim.d ./Drivers/STM32F4xx_HAL_Driver/Src/stm32f4xx_hal_tim.o ./Drivers/STM32F4xx_HAL_Driver/Src/stm32f4xx_hal_tim.su ./Drivers/STM32F4xx_HAL_Driver/Src/stm32f4xx_hal_tim_ex.cyclo ./Drivers/STM32F4xx_HAL_Driver/Src/stm32f4xx_hal_tim_ex.d ./Drivers/STM32F4xx_HAL_Driver/Src/stm32f4xx_hal_tim_ex.o ./Drivers/STM32F4xx_HAL_Driver/Src/stm32f4xx_hal_tim_ex.su ./Drivers/STM32F4xx_HAL_Driver/Src/stm32f4xx_hal_uart.cyclo ./Drivers/STM32F4xx_HAL_Driver/Src/stm32f4xx_hal_uart.d ./Drivers/STM32F4xx_HAL_Driver/Src/stm32f4xx_hal_uart.o ./Drivers/STM32F4xx_HAL_Driver/Src/stm32f4xx_hal_uart.su
rm -rf ./Core/Startup/startup_stm32f446retx.d ./Core/Startup/startup_stm32f446retx.o
rm -rf ./Core/Src/lcd.cyclo ./Core/Src/lcd.d ./Core/Src/lcd.o ./Core/Src/lcd.su ./Core/Src/main.cyclo ./Core/Src/main.d ./Core/Src/main.o ./Core/Src/main.su ./Core/Src/motor_control.cyclo ./Core/Src/motor_control.d ./Core/Src/motor_control.o ./Core/Src/motor_control.su ./Core/Src/rpm_sensor.cyclo ./Core/Src/rpm_sensor.d ./Core/Src/rpm_sensor.o ./Core/Src/rpm_sensor.su ./Core/Src/stm32f4xx_hal_msp.cyclo ./Core/Src/stm32f4xx_hal_msp.d ./Core/Src/stm32f4xx_hal_msp.o ./Core/Src/stm32f4xx_hal_msp.su ./Core/Src/stm32f4xx_it.cyclo ./Core/Src/stm32f4xx_it.d ./Core/Src/stm32f4xx_it.o ./Core/Src/stm32f4xx_it.su ./Core/Src/syscalls.cyclo ./Core/Src/syscalls.d ./Core/Src/syscalls.o ./Core/Src/syscalls.su ./Core/Src/sysmem.cyclo ./Core/Src/sysmem.d ./Core/Src/sysmem.o ./Core/Src/sysmem.su ./Core/Src/system_stm32f4xx.cyclo ./Core/Src/system_stm32f4xx.d ./Core/Src/system_stm32f4xx.o ./Core/Src/system_stm32f4xx.su ./Core/Src/telemetry.cyclo ./Core/Src/telemetry.d ./Core/Src/telemetry.o ./Core/Src/telemetry.su
rm -rf default.size.stdout stm32-motor-feedback-control.elf stm32-motor-feedback-control.list stm32-motor-feedback-control.map
 
15:47:35 **** Incremental Build of configuration Debug for project stm32-motor-feedback-control ****
make -j8 all 
arm-none-eabi-gcc "../Drivers/STM32F4xx_HAL_Driver/Src/stm32f4xx_hal.c" -mcpu=cortex-m4 -std=gnu11 -g3 -DDEBUG -DUSE_HAL_DRIVER -DSTM32F446xx -c -I../Core/Inc -I../Drivers/STM32F4xx_HAL_Driver/Inc -I../Drivers/STM32F4xx_HAL_Driver/Inc/Legacy -I../Drivers/CMSIS/Device/ST/STM32F4xx/Include -I../Drivers/CMSIS/Include -O0 -ffunction-sections -fdata-sections -Wall -fstack-usage -fcyclomatic-complexity -MMD -MP -MF"Drivers/STM32F4xx_HAL_Driver/Src/stm32f4xx_hal.d" -MT"Drivers/STM32F4xx_HAL_Driver/Src/stm32f4xx_hal.o" --specs=nano.specs -mfpu=fpv4-sp-d16 -mfloat-abi=hard -mthumb -o "Drivers/STM32F4xx_HAL_Driver/Src/stm32f4xx_hal.o"
arm-none-eabi-gcc "../Drivers/STM32F4xx_HAL_Driver/Src/stm32f4xx_hal_cortex.c" -mcpu=cortex-m4 -std=gnu11 -g3 -DDEBUG -DUSE_HAL_DRIVER -DSTM32F446xx -c -I../Core/Inc -I../Drivers/STM32F4xx_HAL_Driver/Inc -I../Drivers/STM32F4xx_HAL_Driver/Inc/Legacy -I../Drivers/CMSIS/Device/ST/STM32F4xx/Include -I../Drivers/CMSIS/Include -O0 -ffunction-sections -fdata-sections -Wall -fstack-usage -fcyclomatic-complexity -MMD -MP -MF"Drivers/STM32F4xx_HAL_Driver/Src/stm32f4xx_hal_cortex.d" -MT"Drivers/STM32F4xx_HAL_Driver/Src/stm32f4xx_hal_cortex.o" --specs=nano.specs -mfpu=fpv4-sp-d16 -mfloat-abi=hard -mthumb -o "Drivers/STM32F4xx_HAL_Driver/Src/stm32f4xx_hal_cortex.o"
arm-none-eabi-gcc "../Drivers/STM32F4xx_HAL_Driver/Src/stm32f4xx_hal_dma.c" -mcpu=cortex-m4 -std=gnu11 -g3 -DDEBUG -DUSE_HAL_DRIVER -DSTM32F446xx -c -I../Core/Inc -I../Drivers/STM32F4xx_HAL_Driver/Inc -I../Drivers/STM32F4xx_HAL_Driver/Inc/Legacy -I../Drivers/CMSIS/Device/ST/STM32F4xx/Include -I../Drivers/CMSIS/Include -O0 -ffunction-sections -fdata-sections -Wall -fstack-usage -fcyclomatic-complexity -MMD -MP -MF"Drivers/STM32F4xx_HAL_Driver/Src/stm32f4xx_hal_dma.d" -MT"Drivers/STM32F4xx_HAL_Driver/Src/stm32f4xx_hal_dma.o" --specs=nano.specs -mfpu=fpv4-sp-d16 -mfloat-abi=hard -mthumb -o "Drivers/STM32F4xx_HAL_Driver/Src/stm32f4xx_hal_dma.o"
arm-none-eabi-gcc "../Drivers/STM32F4xx_HAL_Driver/Src/stm32f4xx_hal_dma_ex.c" -mcpu=cortex-m4 -std=gnu11 -g3 -DDEBUG -DUSE_HAL_DRIVER -DSTM32F446xx -c -I../Core/Inc -I../Drivers/STM32F4xx_HAL_Driver/Inc -I../Drivers/STM32F4xx_HAL_Driver/Inc/Legacy -I../Drivers/CMSIS/Device/ST/STM32F4xx/Include -I../Drivers/CMSIS/Include -O0 -ffunction-sections -fdata-sections -Wall -fstack-usage -fcyclomatic-complexity -MMD -MP -MF"Drivers/STM32F4xx_HAL_Driver/Src/stm32f4xx_hal_dma_ex.d" -MT"Drivers/STM32F4xx_HAL_Driver/Src/stm32f4xx_hal_dma_ex.o" --specs=nano.specs -mfpu=fpv4-sp-d16 -mfloat-abi=hard -mthumb -o "Drivers/STM32F4xx_HAL_Driver/Src/stm32f4xx_hal_dma_ex.o"
arm-none-eabi-gcc "../Drivers/STM32F4xx_HAL_Driver/Src/stm32f4xx_hal_exti.c" -mcpu=cortex-m4 -std=gnu11 -g3 -DDEBUG -DUSE_HAL_DRIVER -DSTM32F446xx -c -I../Core/Inc -I../Drivers/STM32F4xx_HAL_Driver/Inc -I../Drivers/STM32F4xx_HAL_Driver/Inc/Legacy -I../Drivers/CMSIS/Device/ST/STM32F4xx/Include -I../Drivers/CMSIS/Include -O0 -ffunction-sections -fdata-sections -Wall -fstack-usage -fcyclomatic-complexity -MMD -MP -MF"Drivers/STM32F4xx_HAL_Driver/Src/stm32f4xx_hal_exti.d" -MT"Drivers/STM32F4xx_HAL_Driver/Src/stm32f4xx_hal_exti.o" --specs=nano.specs -mfpu=fpv4-sp-d16 -mfloat-abi=hard -mthumb -o "Drivers/STM32F4xx_HAL_Driver/Src/stm32f4xx_hal_exti.o"
arm-none-eabi-gcc "../Drivers/STM32F4xx_HAL_Driver/Src/stm32f4xx_hal_flash.c" -mcpu=cortex-m4 -std=gnu11 -g3 -DDEBUG -DUSE_HAL_DRIVER -DSTM32F446xx -c -I../Core/Inc -I../Drivers/STM32F4xx_HAL_Driver/Inc -I../Drivers/STM32F4xx_HAL_Driver/Inc/Legacy -I../Drivers/CMSIS/Device/ST/STM32F4xx/Include -I../Drivers/CMSIS/Include -O0 -ffunction-sections -fdata-sections -Wall -fstack-usage -fcyclomatic-complexity -MMD -MP -MF"Drivers/STM32F4xx_HAL_Driver/Src/stm32f4xx_hal_flash.d" -MT"Drivers/STM32F4xx_HAL_Driver/Src/stm32f4xx_hal_flash.o" --specs=nano.specs -mfpu=fpv4-sp-d16 -mfloat-abi=hard -mthumb -o "Drivers/STM32F4xx_HAL_Driver/Src/stm32f4xx_hal_flash.o"
arm-none-eabi-gcc "../Drivers/STM32F4xx_HAL_Driver/Src/stm32f4xx_hal_flash_ex.c" -mcpu=cortex-m4 -std=gnu11 -g3 -DDEBUG -DUSE_HAL_DRIVER -DSTM32F446xx -c -I../Core/Inc -I../Drivers/STM32F4xx_HAL_Driver/Inc -I../Drivers/STM32F4xx_HAL_Driver/Inc/Legacy -I../Drivers/CMSIS/Device/ST/STM32F4xx/Include -I../Drivers/CMSIS/Include -O0 -ffunction-sections -fdata-sections -Wall -fstack-usage -fcyclomatic-complexity -MMD -MP -MF"Drivers/STM32F4xx_HAL_Driver/Src/stm32f4xx_hal_flash_ex.d" -MT"Drivers/STM32F4xx_HAL_Driver/Src/stm32f4xx_hal_flash_ex.o" --specs=nano.specs -mfpu=fpv4-sp-d16 -mfloat-abi=hard -mthumb -o "Drivers/STM32F4xx_HAL_Driver/Src/stm32f4xx_hal_flash_ex.o"
arm-none-eabi-gcc "../Drivers/STM32F4xx_HAL_Driver/Src/stm32f4xx_hal_flash_ramfunc.c" -mcpu=cortex-m4 -std=gnu11 -g3 -DDEBUG -DUSE_HAL_DRIVER -DSTM32F446xx -c -I../Core/Inc -I../Drivers/STM32F4xx_HAL_Driver/Inc -I../Drivers/STM32F4xx_HAL_Driver/Inc/Legacy -I../Drivers/CMSIS/Device/ST/STM32F4xx/Include -I../Drivers/CMSIS/Include -O0 -ffunction-sections -fdata-sections -Wall -fstack-usage -fcyclomatic-complexity -MMD -MP -MF"Drivers/STM32F4xx_HAL_Driver/Src/stm32f4xx_hal_flash_ramfunc.d" -MT"Drivers/STM32F4xx_HAL_Driver/Src/stm32f4xx_hal_flash_ramfunc.o" --specs=nano.specs -mfpu=fpv4-sp-d16 -mfloat-abi=hard -mthumb -o "Drivers/STM32F4xx_HAL_Driver/Src/stm32f4xx_hal_flash_ramfunc.o"
arm-none-eabi-gcc "../Drivers/STM32F4xx_HAL_Driver/Src/stm32f4xx_hal_gpio.c" -mcpu=cortex-m4 -std=gnu11 -g3 -DDEBUG -DUSE_HAL_DRIVER -DSTM32F446xx -c -I../Core/Inc -I../Drivers/STM32F4xx_HAL_Driver/Inc -I../Drivers/STM32F4xx_HAL_Driver/Inc/Legacy -I../Drivers/CMSIS/Device/ST/STM32F4xx/Include -I../Drivers/CMSIS/Include -O0 -ffunction-sections -fdata-sections -Wall -fstack-usage -fcyclomatic-complexity -MMD -MP -MF"Drivers/STM32F4xx_HAL_Driver/Src/stm32f4xx_hal_gpio.d" -MT"Drivers/STM32F4xx_HAL_Driver/Src/stm32f4xx_hal_gpio.o" --specs=nano.specs -mfpu=fpv4-sp-d16 -mfloat-abi=hard -mthumb -o "Drivers/STM32F4xx_HAL_Driver/Src/stm32f4xx_hal_gpio.o"
arm-none-eabi-gcc "../Drivers/STM32F4xx_HAL_Driver/Src/stm32f4xx_hal_i2c.c" -mcpu=cortex-m4 -std=gnu11 -g3 -DDEBUG -DUSE_HAL_DRIVER -DSTM32F446xx -c -I../Core/Inc -I../Drivers/STM32F4xx_HAL_Driver/Inc -I../Drivers/STM32F4xx_HAL_Driver/Inc/Legacy -I../Drivers/CMSIS/Device/ST/STM32F4xx/Include -I../Drivers/CMSIS/Include -O0 -ffunction-sections -fdata-sections -Wall -fstack-usage -fcyclomatic-complexity -MMD -MP -MF"Drivers/STM32F4xx_HAL_Driver/Src/stm32f4xx_hal_i2c.d" -MT"Drivers/STM32F4xx_HAL_Driver/Src/stm32f4xx_hal_i2c.o" --specs=nano.specs -mfpu=fpv4-sp-d16 -mfloat-abi=hard -mthumb -o "Drivers/STM32F4xx_HAL_Driver/Src/stm32f4xx_hal_i2c.o"
arm-none-eabi-gcc "../Drivers/STM32F4xx_HAL_Driver/Src/stm32f4xx_hal_i2c_ex.c" -mcpu=cortex-m4 -std=gnu11 -g3 -DDEBUG -DUSE_HAL_DRIVER -DSTM32F446xx -c -I../Core/Inc -I../Drivers/STM32F4xx_HAL_Driver/Inc -I../Drivers/STM32F4xx_HAL_Driver/Inc/Legacy -I../Drivers/CMSIS/Device/ST/STM32F4xx/Include -I../Drivers/CMSIS/Include -O0 -ffunction-sections -fdata-sections -Wall -fstack-usage -fcyclomatic-complexity -MMD -MP -MF"Drivers/STM32F4xx_HAL_Driver/Src/stm32f4xx_hal_i2c_ex.d" -MT"Drivers/STM32F4xx_HAL_Driver/Src/stm32f4xx_hal_i2c_ex.o" --specs=nano.specs -mfpu=fpv4-sp-d16 -mfloat-abi=hard -mthumb -o "Drivers/STM32F4xx_HAL_Driver/Src/stm32f4xx_hal_i2c_ex.o"
arm-none-eabi-gcc "../Drivers/STM32F4xx_HAL_Driver/Src/stm32f4xx_hal_pwr.c" -mcpu=cortex-m4 -std=gnu11 -g3 -DDEBUG -DUSE_HAL_DRIVER -DSTM32F446xx -c -I../Core/Inc -I../Drivers/STM32F4xx_HAL_Driver/Inc -I../Drivers/STM32F4xx_HAL_Driver/Inc/Legacy -I../Drivers/CMSIS/Device/ST/STM32F4xx/Include -I../Drivers/CMSIS/Include -O0 -ffunction-sections -fdata-sections -Wall -fstack-usage -fcyclomatic-complexity -MMD -MP -MF"Drivers/STM32F4xx_HAL_Driver/Src/stm32f4xx_hal_pwr.d" -MT"Drivers/STM32F4xx_HAL_Driver/Src/stm32f4xx_hal_pwr.o" --specs=nano.specs -mfpu=fpv4-sp-d16 -mfloat-abi=hard -mthumb -o "Drivers/STM32F4xx_HAL_Driver/Src/stm32f4xx_hal_pwr.o"
arm-none-eabi-gcc "../Drivers/STM32F4xx_HAL_Driver/Src/stm32f4xx_hal_pwr_ex.c" -mcpu=cortex-m4 -std=gnu11 -g3 -DDEBUG -DUSE_HAL_DRIVER -DSTM32F446xx -c -I../Core/Inc -I../Drivers/STM32F4xx_HAL_Driver/Inc -I../Drivers/STM32F4xx_HAL_Driver/Inc/Legacy -I../Drivers/CMSIS/Device/ST/STM32F4xx/Include -I../Drivers/CMSIS/Include -O0 -ffunction-sections -fdata-sections -Wall -fstack-usage -fcyclomatic-complexity -MMD -MP -MF"Drivers/STM32F4xx_HAL_Driver/Src/stm32f4xx_hal_pwr_ex.d" -MT"Drivers/STM32F4xx_HAL_Driver/Src/stm32f4xx_hal_pwr_ex.o" --specs=nano.specs -mfpu=fpv4-sp-d16 -mfloat-abi=hard -mthumb -o "Drivers/STM32F4xx_HAL_Driver/Src/stm32f4xx_hal_pwr_ex.o"
arm-none-eabi-gcc "../Drivers/STM32F4xx_HAL_Driver/Src/stm32f4xx_hal_rcc.c" -mcpu=cortex-m4 -std=gnu11 -g3 -DDEBUG -DUSE_HAL_DRIVER -DSTM32F446xx -c -I../Core/Inc -I../Drivers/STM32F4xx_HAL_Driver/Inc -I../Drivers/STM32F4xx_HAL_Driver/Inc/Legacy -I../Drivers/CMSIS/Device/ST/STM32F4xx/Include -I../Drivers/CMSIS/Include -O0 -ffunction-sections -fdata-sections -Wall -fstack-usage -fcyclomatic-complexity -MMD -MP -MF"Drivers/STM32F4xx_HAL_Driver/Src/stm32f4xx_hal_rcc.d" -MT"Drivers/STM32F4xx_HAL_Driver/Src/stm32f4xx_hal_rcc.o" --specs=nano.specs -mfpu=fpv4-sp-d16 -mfloat-abi=hard -mthumb -o "Drivers/STM32F4xx_HAL_Driver/Src/stm32f4xx_hal_rcc.o"
arm-none-eabi-gcc "../Drivers/STM32F4xx_HAL_Driver/Src/stm32f4xx_hal_rcc_ex.c" -mcpu=cortex-m4 -std=gnu11 -g3 -DDEBUG -DUSE_HAL_DRIVER -DSTM32F446xx -c -I../Core/Inc -I../Drivers/STM32F4xx_HAL_Driver/Inc -I../Drivers/STM32F4xx_HAL_Driver/Inc/Legacy -I../Drivers/CMSIS/Device/ST/STM32F4xx/Include -I../Drivers/CMSIS/Include -O0 -ffunction-sections -fdata-sections -Wall -fstack-usage -fcyclomatic-complexity -MMD -MP -MF"Drivers/STM32F4xx_HAL_Driver/Src/stm32f4xx_hal_rcc_ex.d" -MT"Drivers/STM32F4xx_HAL_Driver/Src/stm32f4xx_hal_rcc_ex.o" --specs=nano.specs -mfpu=fpv4-sp-d16 -mfloat-abi=hard -mthumb -o "Drivers/STM32F4xx_HAL_Driver/Src/stm32f4xx_hal_rcc_ex.o"
arm-none-eabi-gcc "../Drivers/STM32F4xx_HAL_Driver/Src/stm32f4xx_hal_tim.c" -mcpu=cortex-m4 -std=gnu11 -g3 -DDEBUG -DUSE_HAL_DRIVER -DSTM32F446xx -c -I../Core/Inc -I../Drivers/STM32F4xx_HAL_Driver/Inc -I../Drivers/STM32F4xx_HAL_Driver/Inc/Legacy -I../Drivers/CMSIS/Device/ST/STM32F4xx/Include -I../Drivers/CMSIS/Include -O0 -ffunction-sections -fdata-sections -Wall -fstack-usage -fcyclomatic-complexity -MMD -MP -MF"Drivers/STM32F4xx_HAL_Driver/Src/stm32f4xx_hal_tim.d" -MT"Drivers/STM32F4xx_HAL_Driver/Src/stm32f4xx_hal_tim.o" --specs=nano.specs -mfpu=fpv4-sp-d16 -mfloat-abi=hard -mthumb -o "Drivers/STM32F4xx_HAL_Driver/Src/stm32f4xx_hal_tim.o"
arm-none-eabi-gcc "../Drivers/STM32F4xx_HAL_Driver/Src/stm32f4xx_hal_tim_ex.c" -mcpu=cortex-m4 -std=gnu11 -g3 -DDEBUG -DUSE_HAL_DRIVER -DSTM32F446xx -c -I../Core/Inc -I../Drivers/STM32F4xx_HAL_Driver/Inc -I../Drivers/STM32F4xx_HAL_Driver/Inc/Legacy -I../Drivers/CMSIS/Device/ST/STM32F4xx/Include -I../Drivers/CMSIS/Include -O0 -ffunction-sections -fdata-sections -Wall -fstack-usage -fcyclomatic-complexity -MMD -MP -MF"Drivers/STM32F4xx_HAL_Driver/Src/stm32f4xx_hal_tim_ex.d" -MT"Drivers/STM32F4xx_HAL_Driver/Src/stm32f4xx_hal_tim_ex.o" --specs=nano.specs -mfpu=fpv4-sp-d16 -mfloat-abi=hard -mthumb -o "Drivers/STM32F4xx_HAL_Driver/Src/stm32f4xx_hal_tim_ex.o"
arm-none-eabi-gcc "../Drivers/STM32F4xx_HAL_Driver/Src/stm32f4xx_hal_uart.c" -mcpu=cortex-m4 -std=gnu11 -g3 -DDEBUG -DUSE_HAL_DRIVER -DSTM32F446xx -c -I../Core/Inc -I../Drivers/STM32F4xx_HAL_Driver/Inc -I../Drivers/STM32F4xx_HAL_Driver/Inc/Legacy -I../Drivers/CMSIS/Device/ST/STM32F4xx/Include -I../Drivers/CMSIS/Include -O0 -ffunction-sections -fdata-sections -Wall -fstack-usage -fcyclomatic-complexity -MMD -MP -MF"Drivers/STM32F4xx_HAL_Driver/Src/stm32f4xx_hal_uart.d" -MT"Drivers/STM32F4xx_HAL_Driver/Src/stm32f4xx_hal_uart.o" --specs=nano.specs -mfpu=fpv4-sp-d16 -mfloat-abi=hard -mthumb -o "Drivers/STM32F4xx_HAL_Driver/Src/stm32f4xx_hal_uart.o"
arm-none-eabi-gcc -mcpu=cortex-m4 -g3 -DDEBUG -c -x assembler-with-cpp -MMD -MP -MF"Core/Startup/startup_stm32f446retx.d" -MT"Core/Startup/startup_stm32f446retx.o" --specs=nano.specs -mfpu=fpv4-sp-d16 -mfloat-abi=hard -mthumb -o "Core/Startup/startup_stm32f446retx.o" "../Core/Startup/startup_stm32f446retx.s"
arm-none-eabi-gcc "../Core/Src/lcd.c" -mcpu=cortex-m4 -std=gnu11 -g3 -DDEBUG -DUSE_HAL_DRIVER -DSTM32F446xx -c -I../Core/Inc -I../Drivers/STM32F4xx_HAL_Driver/Inc -I../Drivers/STM32F4xx_HAL_Driver/Inc/Legacy -I../Drivers/CMSIS/Device/ST/STM32F4xx/Include -I../Drivers/CMSIS/Include -O0 -ffunction-sections -fdata-sections -Wall -fstack-usage -fcyclomatic-complexity -MMD -MP -MF"Core/Src/lcd.d" -MT"Core/Src/lcd.o" --specs=nano.specs -mfpu=fpv4-sp-d16 -mfloat-abi=hard -mthumb -o "Core/Src/lcd.o"
arm-none-eabi-gcc "../Core/Src/main.c" -mcpu=cortex-m4 -std=gnu11 -g3 -DDEBUG -DUSE_HAL_DRIVER -DSTM32F446xx -c -I../Core/Inc -I../Drivers/STM32F4xx_HAL_Driver/Inc -I../Drivers/STM32F4xx_HAL_Driver/Inc/Legacy -I../Drivers/CMSIS/Device/ST/STM32F4xx/Include -I../Drivers/CMSIS/Include -O0 -ffunction-sections -fdata-sections -Wall -fstack-usage -fcyclomatic-complexity -MMD -MP -MF"Core/Src/main.d" -MT"Core/Src/main.o" --specs=nano.specs -mfpu=fpv4-sp-d16 -mfloat-abi=hard -mthumb -o "Core/Src/main.o"
arm-none-eabi-gcc "../Core/Src/motor_control.c" -mcpu=cortex-m4 -std=gnu11 -g3 -DDEBUG -DUSE_HAL_DRIVER -DSTM32F446xx -c -I../Core/Inc -I../Drivers/STM32F4xx_HAL_Driver/Inc -I../Drivers/STM32F4xx_HAL_Driver/Inc/Legacy -I../Drivers/CMSIS/Device/ST/STM32F4xx/Include -I../Drivers/CMSIS/Include -O0 -ffunction-sections -fdata-sections -Wall -fstack-usage -fcyclomatic-complexity -MMD -MP -MF"Core/Src/motor_control.d" -MT"Core/Src/motor_control.o" --specs=nano.specs -mfpu=fpv4-sp-d16 -mfloat-abi=hard -mthumb -o "Core/Src/motor_control.o"
arm-none-eabi-gcc "../Core/Src/rpm_sensor.c" -mcpu=cortex-m4 -std=gnu11 -g3 -DDEBUG -DUSE_HAL_DRIVER -DSTM32F446xx -c -I../Core/Inc -I../Drivers/STM32F4xx_HAL_Driver/Inc -I../Drivers/STM32F4xx_HAL_Driver/Inc/Legacy -I../Drivers/CMSIS/Device/ST/STM32F4xx/Include -I../Drivers/CMSIS/Include -O0 -ffunction-sections -fdata-sections -Wall -fstack-usage -fcyclomatic-complexity -MMD -MP -MF"Core/Src/rpm_sensor.d" -MT"Core/Src/rpm_sensor.o" --specs=nano.specs -mfpu=fpv4-sp-d16 -mfloat-abi=hard -mthumb -o "Core/Src/rpm_sensor.o"
arm-none-eabi-gcc "../Core/Src/stm32f4xx_hal_msp.c" -mcpu=cortex-m4 -std=gnu11 -g3 -DDEBUG -DUSE_HAL_DRIVER -DSTM32F446xx -c -I../Core/Inc -I../Drivers/STM32F4xx_HAL_Driver/Inc -I../Drivers/STM32F4xx_HAL_Driver/Inc/Legacy -I../Drivers/CMSIS/Device/ST/STM32F4xx/Include -I../Drivers/CMSIS/Include -O0 -ffunction-sections -fdata-sections -Wall -fstack-usage -fcyclomatic-complexity -MMD -MP -MF"Core/Src/stm32f4xx_hal_msp.d" -MT"Core/Src/stm32f4xx_hal_msp.o" --specs=nano.specs -mfpu=fpv4-sp-d16 -mfloat-abi=hard -mthumb -o "Core/Src/stm32f4xx_hal_msp.o"
arm-none-eabi-gcc "../Core/Src/stm32f4xx_it.c" -mcpu=cortex-m4 -std=gnu11 -g3 -DDEBUG -DUSE_HAL_DRIVER -DSTM32F446xx -c -I../Core/Inc -I../Drivers/STM32F4xx_HAL_Driver/Inc -I../Drivers/STM32F4xx_HAL_Driver/Inc/Legacy -I../Drivers/CMSIS/Device/ST/STM32F4xx/Include -I../Drivers/CMSIS/Include -O0 -ffunction-sections -fdata-sections -Wall -fstack-usage -fcyclomatic-complexity -MMD -MP -MF"Core/Src/stm32f4xx_it.d" -MT"Core/Src/stm32f4xx_it.o" --specs=nano.specs -mfpu=fpv4-sp-d16 -mfloat-abi=hard -mthumb -o "Core/Src/stm32f4xx_it.o"
arm-none-eabi-gcc "../Core/Src/syscalls.c" -mcpu=cortex-m4 -std=gnu11 -g3 -DDEBUG -DUSE_HAL_DRIVER -DSTM32F446xx -c -I../Core/Inc -I../Drivers/STM32F4xx_HAL_Driver/Inc -I../Drivers/STM32F4xx_HAL_Driver/Inc/Legacy -I../Drivers/CMSIS/Device/ST/STM32F4xx/Include -I../Drivers/CMSIS/Include -O0 -ffunction-sections -fdata-sections -Wall -fstack-usage -fcyclomatic-complexity -MMD -MP -MF"Core/Src/syscalls.d" -MT"Core/Src/syscalls.o" --specs=nano.specs -mfpu=fpv4-sp-d16 -mfloat-abi=hard -mthumb -o "Core/Src/syscalls.o"
arm-none-eabi-gcc "../Core/Src/sysmem.c" -mcpu=cortex-m4 -std=gnu11 -g3 -DDEBUG -DUSE_HAL_DRIVER -DSTM32F446xx -c -I../Core/Inc -I../Drivers/STM32F4xx_HAL_Driver/Inc -I../Drivers/STM32F4xx_HAL_Driver/Inc/Legacy -I../Drivers/CMSIS/Device/ST/STM32F4xx/Include -I../Drivers/CMSIS/Include -O0 -ffunction-sections -fdata-sections -Wall -fstack-usage -fcyclomatic-complexity -MMD -MP -MF"Core/Src/sysmem.d" -MT"Core/Src/sysmem.o" --specs=nano.specs -mfpu=fpv4-sp-d16 -mfloat-abi=hard -mthumb -o "Core/Src/sysmem.o"
arm-none-eabi-gcc "../Core/Src/system_stm32f4xx.c" -mcpu=cortex-m4 -std=gnu11 -g3 -DDEBUG -DUSE_HAL_DRIVER -DSTM32F446xx -c -I../Core/Inc -I../Drivers/STM32F4xx_HAL_Driver/Inc -I../Drivers/STM32F4xx_HAL_Driver/Inc/Legacy -I../Drivers/CMSIS/Device/ST/STM32F4xx/Include -I../Drivers/CMSIS/Include -O0 -ffunction-sections -fdata-sections -Wall -fstack-usage -fcyclomatic-complexity -MMD -MP -MF"Core/Src/system_stm32f4xx.d" -MT"Core/Src/system_stm32f4xx.o" --specs=nano.specs -mfpu=fpv4-sp-d16 -mfloat-abi=hard -mthumb -o "Core/Src/system_stm32f4xx.o"
arm-none-eabi-gcc "../Core/Src/telemetry.c" -mcpu=cortex-m4 -std=gnu11 -g3 -DDEBUG -DUSE_HAL_DRIVER -DSTM32F446xx -c -I../Core/Inc -I../Drivers/STM32F4xx_HAL_Driver/Inc -I../Drivers/STM32F4xx_HAL_Driver/Inc/Legacy -I../Drivers/CMSIS/Device/ST/STM32F4xx/Include -I../Drivers/CMSIS/Include -O0 -ffunction-sections -fdata-sections -Wall -fstack-usage -fcyclomatic-complexity -MMD -MP -MF"Core/Src/telemetry.d" -MT"Core/Src/telemetry.o" --specs=nano.specs -mfpu=fpv4-sp-d16 -mfloat-abi=hard -mthumb -o "Core/Src/telemetry.o"
arm-none-eabi-gcc -o "stm32-motor-feedback-control.elf" @"objects.list"   -mcpu=cortex-m4 -T"C:\Users\young\OneDrive\Documents\- Hardware Labs\ECEN-499-Motor-Feedback-Controller\STM32\stm32-motor-feedback-control\STM32F446RETX_FLASH.ld" --specs=nosys.specs -Wl,-Map="stm32-motor-feedback-control.map" -Wl,--gc-sections -static -u _printf_float --specs=nano.specs -mfpu=fpv4-sp-d16 -mfloat-abi=hard -mthumb -Wl,--start-group -lc -lm -Wl,--end-group
Finished building target: stm32-motor-feedback-control.elf
 
arm-none-eabi-size  stm32-motor-feedback-control.elf 
arm-none-eabi-objdump -h -S stm32-motor-feedback-control.elf  > "stm32-motor-feedback-control.list"
   text	   data	    bss	    dec	    hex	filename
  49540	    484	   2692	  52716	   cdec	stm32-motor-feedback-control.elf
Finished building: default.size.stdout
 
Finished building: stm32-motor-feedback-control.list
 
15:47:52 **** Incremental Build of configuration Debug for project stm32-motor-feedback-control ****
make -j8 all 
arm-none-eabi-size  stm32-motor-feedback-control.elf 
   text	   data	    bss	    dec	    hex	filename
  49540	    484	   2692	  52716	   cdec	stm32-motor-feedback-control.elf
Finished building: default.size.stdout
 
15:48:16 **** Incremental Build of configuration Debug for project stm32-motor-feedback-control ****
make -j8 all 
arm-none-eabi-size  stm32-motor-feedback-control.elf 
   text	   data	    bss	    dec	    hex	filename
  49540	    484	   2692	  52716	   cdec	stm32-motor-feedback-control.elf
Finished building: default.size.stdout
 
15:55:47 **** Incremental Build of configuration Debug for project stm32-motor-feedback-control ****
make -j8 all 
arm-none-eabi-gcc "../Core/Src/motor_control.c" -mcpu=cortex-m4 -std=gnu11 -g3 -DDEBUG -DUSE_HAL_DRIVER -DSTM32F446xx -c -I../Core/Inc -I../Drivers/STM32F4xx_HAL_Driver/Inc -I../Drivers/STM32F4xx_HAL_Driver/Inc/Legacy -I../Drivers/CMSIS/Device/ST/STM32F4xx/Include -I../Drivers/CMSIS/Include -O0 -ffunction-sections -fdata-sections -Wall -fstack-usage -fcyclomatic-complexity -MMD -MP -MF"Core/Src/motor_control.d" -MT"Core/Src/motor_control.o" --specs=nano.specs -mfpu=fpv4-sp-d16 -mfloat-abi=hard -mthumb -o "Core/Src/motor_control.o"
arm-none-eabi-gcc -o "stm32-motor-feedback-control.elf" @"objects.list"   -mcpu=cortex-m4 -T"C:\Users\young\OneDrive\Documents\- Hardware Labs\ECEN-499-Motor-Feedback-Controller\STM32\stm32-motor-feedback-control\STM32F446RETX_FLASH.ld" --specs=nosys.specs -Wl,-Map="stm32-motor-feedback-control.map" -Wl,--gc-sections -static -u _printf_float --specs=nano.specs -mfpu=fpv4-sp-d16 -mfloat-abi=hard -mthumb -Wl,--start-group -lc -lm -Wl,--end-group
Finished building target: stm32-motor-feedback-control.elf
 
arm-none-eabi-size  stm32-motor-feedback-control.elf 
arm-none-eabi-objdump -h -S stm32-motor-feedback-control.elf  > "stm32-motor-feedback-control.list"
   text	   data	    bss	    dec	    hex	filename
  49372	    484	   2692	  52548	   cd44	stm32-motor-feedback-control.elf
Finished building: default.size.stdout
 
Finished building: stm32-motor-feedback-control.list
 
15:58:43 **** Incremental Build of configuration Debug for project stm32-motor-feedback-control ****
make -j8 all 
arm-none-eabi-size  stm32-motor-feedback-control.elf 
   text	   data	    bss	    dec	    hex	filename
  49372	    484	   2692	  52548	   cd44	stm32-motor-feedback-control.elf
Finished building: default.size.stdout
 
15:59:23 **** Incremental Build of configuration Debug for project stm32-motor-feedback-control ****
make -j8 all 
arm-none-eabi-size  stm32-motor-feedback-control.elf 
   text	   data	    bss	    dec	    hex	filename
  49372	    484	   2692	  52548	   cd44	stm32-motor-feedback-control.elf
Finished building: default.size.stdout
 
16:06:22 **** Incremental Build of configuration Debug for project stm32-motor-feedback-control ****
make -j8 all 
arm-none-eabi-gcc "../Core/Src/main.c" -mcpu=cortex-m4 -std=gnu11 -g3 -DDEBUG -DUSE_HAL_DRIVER -DSTM32F446xx -c -I../Core/Inc -I../Drivers/STM32F4xx_HAL_Driver/Inc -I../Drivers/STM32F4xx_HAL_Driver/Inc/Legacy -I../Drivers/CMSIS/Device/ST/STM32F4xx/Include -I../Drivers/CMSIS/Include -O0 -ffunction-sections -fdata-sections -Wall -fstack-usage -fcyclomatic-complexity -MMD -MP -MF"Core/Src/main.d" -MT"Core/Src/main.o" --specs=nano.specs -mfpu=fpv4-sp-d16 -mfloat-abi=hard -mthumb -o "Core/Src/main.o"
arm-none-eabi-gcc "../Core/Src/motor_control.c" -mcpu=cortex-m4 -std=gnu11 -g3 -DDEBUG -DUSE_HAL_DRIVER -DSTM32F446xx -c -I../Core/Inc -I../Drivers/STM32F4xx_HAL_Driver/Inc -I../Drivers/STM32F4xx_HAL_Driver/Inc/Legacy -I../Drivers/CMSIS/Device/ST/STM32F4xx/Include -I../Drivers/CMSIS/Include -O0 -ffunction-sections -fdata-sections -Wall -fstack-usage -fcyclomatic-complexity -MMD -MP -MF"Core/Src/motor_control.d" -MT"Core/Src/motor_control.o" --specs=nano.specs -mfpu=fpv4-sp-d16 -mfloat-abi=hard -mthumb -o "Core/Src/motor_control.o"
arm-none-eabi-gcc "../Core/Src/telemetry.c" -mcpu=cortex-m4 -std=gnu11 -g3 -DDEBUG -DUSE_HAL_DRIVER -DSTM32F446xx -c -I../Core/Inc -I../Drivers/STM32F4xx_HAL_Driver/Inc -I../Drivers/STM32F4xx_HAL_Driver/Inc/Legacy -I../Drivers/CMSIS/Device/ST/STM32F4xx/Include -I../Drivers/CMSIS/Include -O0 -ffunction-sections -fdata-sections -Wall -fstack-usage -fcyclomatic-complexity -MMD -MP -MF"Core/Src/telemetry.d" -MT"Core/Src/telemetry.o" --specs=nano.specs -mfpu=fpv4-sp-d16 -mfloat-abi=hard -mthumb -o "Core/Src/telemetry.o"
arm-none-eabi-gcc -o "stm32-motor-feedback-control.elf" @"objects.list"   -mcpu=cortex-m4 -T"C:\Users\young\OneDrive\Documents\- Hardware Labs\ECEN-499-Motor-Feedback-Controller\STM32\stm32-motor-feedback-control\STM32F446RETX_FLASH.ld" --specs=nosys.specs -Wl,-Map="stm32-motor-feedback-control.map" -Wl,--gc-sections -static -u _printf_float --specs=nano.specs -mfpu=fpv4-sp-d16 -mfloat-abi=hard -mthumb -Wl,--start-group -lc -lm -Wl,--end-group
Finished building target: stm32-motor-feedback-control.elf
 
arm-none-eabi-size  stm32-motor-feedback-control.elf 
arm-none-eabi-objdump -h -S stm32-motor-feedback-control.elf  > "stm32-motor-feedback-control.list"
   text	   data	    bss	    dec	    hex	filename
  49372	    484	   2692	  52548	   cd44	stm32-motor-feedback-control.elf
Finished building: default.size.stdout
 
Finished building: stm32-motor-feedback-control.list
 
16:11:52 **** Incremental Build of configuration Debug for project stm32-motor-feedback-control ****
make -j8 all 
arm-none-eabi-gcc "../Core/Src/motor_control.c" -mcpu=cortex-m4 -std=gnu11 -g3 -DDEBUG -DUSE_HAL_DRIVER -DSTM32F446xx -c -I../Core/Inc -I../Drivers/STM32F4xx_HAL_Driver/Inc -I../Drivers/STM32F4xx_HAL_Driver/Inc/Legacy -I../Drivers/CMSIS/Device/ST/STM32F4xx/Include -I../Drivers/CMSIS/Include -O0 -ffunction-sections -fdata-sections -Wall -fstack-usage -fcyclomatic-complexity -MMD -MP -MF"Core/Src/motor_control.d" -MT"Core/Src/motor_control.o" --specs=nano.specs -mfpu=fpv4-sp-d16 -mfloat-abi=hard -mthumb -o "Core/Src/motor_control.o"
arm-none-eabi-gcc "../Core/Src/telemetry.c" -mcpu=cortex-m4 -std=gnu11 -g3 -DDEBUG -DUSE_HAL_DRIVER -DSTM32F446xx -c -I../Core/Inc -I../Drivers/STM32F4xx_HAL_Driver/Inc -I../Drivers/STM32F4xx_HAL_Driver/Inc/Legacy -I../Drivers/CMSIS/Device/ST/STM32F4xx/Include -I../Drivers/CMSIS/Include -O0 -ffunction-sections -fdata-sections -Wall -fstack-usage -fcyclomatic-complexity -MMD -MP -MF"Core/Src/telemetry.d" -MT"Core/Src/telemetry.o" --specs=nano.specs -mfpu=fpv4-sp-d16 -mfloat-abi=hard -mthumb -o "Core/Src/telemetry.o"
arm-none-eabi-gcc -o "stm32-motor-feedback-control.elf" @"objects.list"   -mcpu=cortex-m4 -T"C:\Users\young\OneDrive\Documents\- Hardware Labs\ECEN-499-Motor-Feedback-Controller\STM32\stm32-motor-feedback-control\STM32F446RETX_FLASH.ld" --specs=nosys.specs -Wl,-Map="stm32-motor-feedback-control.map" -Wl,--gc-sections -static -u _printf_float --specs=nano.specs -mfpu=fpv4-sp-d16 -mfloat-abi=hard -mthumb -Wl,--start-group -lc -lm -Wl,--end-group
Finished building target: stm32-motor-feedback-control.elf
 
arm-none-eabi-size  stm32-motor-feedback-control.elf 
arm-none-eabi-objdump -h -S stm32-motor-feedback-control.elf  > "stm32-motor-feedback-control.list"
   text	   data	    bss	    dec	    hex	filename
  49372	    492	   2692	  52556	   cd4c	stm32-motor-feedback-control.elf
Finished building: default.size.stdout
 
Finished building: stm32-motor-feedback-control.list
 
16:12:10 **** Incremental Build of configuration Debug for project stm32-motor-feedback-control ****
make -j8 all 
arm-none-eabi-size  stm32-motor-feedback-control.elf 
   text	   data	    bss	    dec	    hex	filename
  49372	    492	   2692	  52556	   cd4c	stm32-motor-feedback-control.elf
Finished building: default.size.stdout
 
16:16:30 **** Incremental Build of configuration Debug for project stm32-motor-feedback-control ****
make -j8 all 
arm-none-eabi-gcc "../Core/Src/telemetry.c" -mcpu=cortex-m4 -std=gnu11 -g3 -DDEBUG -DUSE_HAL_DRIVER -DSTM32F446xx -c -I../Core/Inc -I../Drivers/STM32F4xx_HAL_Driver/Inc -I../Drivers/STM32F4xx_HAL_Driver/Inc/Legacy -I../Drivers/CMSIS/Device/ST/STM32F4xx/Include -I../Drivers/CMSIS/Include -O0 -ffunction-sections -fdata-sections -Wall -fstack-usage -fcyclomatic-complexity -MMD -MP -MF"Core/Src/telemetry.d" -MT"Core/Src/telemetry.o" --specs=nano.specs -mfpu=fpv4-sp-d16 -mfloat-abi=hard -mthumb -o "Core/Src/telemetry.o"
arm-none-eabi-gcc -o "stm32-motor-feedback-control.elf" @"objects.list"   -mcpu=cortex-m4 -T"C:\Users\young\OneDrive\Documents\- Hardware Labs\ECEN-499-Motor-Feedback-Controller\STM32\stm32-motor-feedback-control\STM32F446RETX_FLASH.ld" --specs=nosys.specs -Wl,-Map="stm32-motor-feedback-control.map" -Wl,--gc-sections -static -u _printf_float --specs=nano.specs -mfpu=fpv4-sp-d16 -mfloat-abi=hard -mthumb -Wl,--start-group -lc -lm -Wl,--end-group
Finished building target: stm32-motor-feedback-control.elf
 
arm-none-eabi-size  stm32-motor-feedback-control.elf 
arm-none-eabi-objdump -h -S stm32-motor-feedback-control.elf  > "stm32-motor-feedback-control.list"
   text	   data	    bss	    dec	    hex	filename
  49372	    492	   2692	  52556	   cd4c	stm32-motor-feedback-control.elf
Finished building: default.size.stdout
 
Finished building: stm32-motor-feedback-control.list
 
16:17:52 **** Incremental Build of configuration Debug for project stm32-motor-feedback-control ****
make -j8 all 
arm-none-eabi-gcc "../Core/Src/motor_control.c" -mcpu=cortex-m4 -std=gnu11 -g3 -DDEBUG -DUSE_HAL_DRIVER -DSTM32F446xx -c -I../Core/Inc -I../Drivers/STM32F4xx_HAL_Driver/Inc -I../Drivers/STM32F4xx_HAL_Driver/Inc/Legacy -I../Drivers/CMSIS/Device/ST/STM32F4xx/Include -I../Drivers/CMSIS/Include -O0 -ffunction-sections -fdata-sections -Wall -fstack-usage -fcyclomatic-complexity -MMD -MP -MF"Core/Src/motor_control.d" -MT"Core/Src/motor_control.o" --specs=nano.specs -mfpu=fpv4-sp-d16 -mfloat-abi=hard -mthumb -o "Core/Src/motor_control.o"
arm-none-eabi-gcc -o "stm32-motor-feedback-control.elf" @"objects.list"   -mcpu=cortex-m4 -T"C:\Users\young\OneDrive\Documents\- Hardware Labs\ECEN-499-Motor-Feedback-Controller\STM32\stm32-motor-feedback-control\STM32F446RETX_FLASH.ld" --specs=nosys.specs -Wl,-Map="stm32-motor-feedback-control.map" -Wl,--gc-sections -static -u _printf_float --specs=nano.specs -mfpu=fpv4-sp-d16 -mfloat-abi=hard -mthumb -Wl,--start-group -lc -lm -Wl,--end-group
Finished building target: stm32-motor-feedback-control.elf
 
arm-none-eabi-size  stm32-motor-feedback-control.elf 
arm-none-eabi-objdump -h -S stm32-motor-feedback-control.elf  > "stm32-motor-feedback-control.list"
   text	   data	    bss	    dec	    hex	filename
  49180	    492	   2692	  52364	   cc8c	stm32-motor-feedback-control.elf
Finished building: default.size.stdout
 
Finished building: stm32-motor-feedback-control.list
 
16:18:43 **** Incremental Build of configuration Debug for project stm32-motor-feedback-control ****
make -j8 all 
arm-none-eabi-gcc "../Core/Src/motor_control.c" -mcpu=cortex-m4 -std=gnu11 -g3 -DDEBUG -DUSE_HAL_DRIVER -DSTM32F446xx -c -I../Core/Inc -I../Drivers/STM32F4xx_HAL_Driver/Inc -I../Drivers/STM32F4xx_HAL_Driver/Inc/Legacy -I../Drivers/CMSIS/Device/ST/STM32F4xx/Include -I../Drivers/CMSIS/Include -O0 -ffunction-sections -fdata-sections -Wall -fstack-usage -fcyclomatic-complexity -MMD -MP -MF"Core/Src/motor_control.d" -MT"Core/Src/motor_control.o" --specs=nano.specs -mfpu=fpv4-sp-d16 -mfloat-abi=hard -mthumb -o "Core/Src/motor_control.o"
arm-none-eabi-gcc -o "stm32-motor-feedback-control.elf" @"objects.list"   -mcpu=cortex-m4 -T"C:\Users\young\OneDrive\Documents\- Hardware Labs\ECEN-499-Motor-Feedback-Controller\STM32\stm32-motor-feedback-control\STM32F446RETX_FLASH.ld" --specs=nosys.specs -Wl,-Map="stm32-motor-feedback-control.map" -Wl,--gc-sections -static -u _printf_float --specs=nano.specs -mfpu=fpv4-sp-d16 -mfloat-abi=hard -mthumb -Wl,--start-group -lc -lm -Wl,--end-group
Finished building target: stm32-motor-feedback-control.elf
 
arm-none-eabi-size  stm32-motor-feedback-control.elf 
arm-none-eabi-objdump -h -S stm32-motor-feedback-control.elf  > "stm32-motor-feedback-control.list"
   text	   data	    bss	    dec	    hex	filename
  49188	    492	   2692	  52372	   cc94	stm32-motor-feedback-control.elf
Finished building: default.size.stdout
 
Finished building: stm32-motor-feedback-control.list
 
16:23:26 **** Incremental Build of configuration Debug for project stm32-motor-feedback-control ****
make -j8 all 
arm-none-eabi-gcc "../Core/Src/motor_control.c" -mcpu=cortex-m4 -std=gnu11 -g3 -DDEBUG -DUSE_HAL_DRIVER -DSTM32F446xx -c -I../Core/Inc -I../Drivers/STM32F4xx_HAL_Driver/Inc -I../Drivers/STM32F4xx_HAL_Driver/Inc/Legacy -I../Drivers/CMSIS/Device/ST/STM32F4xx/Include -I../Drivers/CMSIS/Include -O0 -ffunction-sections -fdata-sections -Wall -fstack-usage -fcyclomatic-complexity -MMD -MP -MF"Core/Src/motor_control.d" -MT"Core/Src/motor_control.o" --specs=nano.specs -mfpu=fpv4-sp-d16 -mfloat-abi=hard -mthumb -o "Core/Src/motor_control.o"
../Core/Src/motor_control.c: In function 'Motor_Update_PID':
../Core/Src/motor_control.c:83:11: warning: unused variable 'i_term' [-Wunused-variable]
   83 |     float i_term = K_I * error_integral;
      |           ^~~~~~
arm-none-eabi-gcc -o "stm32-motor-feedback-control.elf" @"objects.list"   -mcpu=cortex-m4 -T"C:\Users\young\OneDrive\Documents\- Hardware Labs\ECEN-499-Motor-Feedback-Controller\STM32\stm32-motor-feedback-control\STM32F446RETX_FLASH.ld" --specs=nosys.specs -Wl,-Map="stm32-motor-feedback-control.map" -Wl,--gc-sections -static -u _printf_float --specs=nano.specs -mfpu=fpv4-sp-d16 -mfloat-abi=hard -mthumb -Wl,--start-group -lc -lm -Wl,--end-group
Finished building target: stm32-motor-feedback-control.elf
 
arm-none-eabi-size  stm32-motor-feedback-control.elf 
arm-none-eabi-objdump -h -S stm32-motor-feedback-control.elf  > "stm32-motor-feedback-control.list"
   text	   data	    bss	    dec	    hex	filename
  49300	    492	   2692	  52484	   cd04	stm32-motor-feedback-control.elf
Finished building: default.size.stdout
 
Finished building: stm32-motor-feedback-control.list
 
16:23:57 **** Incremental Build of configuration Debug for project stm32-motor-feedback-control ****
make -j8 all 
arm-none-eabi-gcc "../Core/Src/motor_control.c" -mcpu=cortex-m4 -std=gnu11 -g3 -DDEBUG -DUSE_HAL_DRIVER -DSTM32F446xx -c -I../Core/Inc -I../Drivers/STM32F4xx_HAL_Driver/Inc -I../Drivers/STM32F4xx_HAL_Driver/Inc/Legacy -I../Drivers/CMSIS/Device/ST/STM32F4xx/Include -I../Drivers/CMSIS/Include -O0 -ffunction-sections -fdata-sections -Wall -fstack-usage -fcyclomatic-complexity -MMD -MP -MF"Core/Src/motor_control.d" -MT"Core/Src/motor_control.o" --specs=nano.specs -mfpu=fpv4-sp-d16 -mfloat-abi=hard -mthumb -o "Core/Src/motor_control.o"
arm-none-eabi-gcc -o "stm32-motor-feedback-control.elf" @"objects.list"   -mcpu=cortex-m4 -T"C:\Users\young\OneDrive\Documents\- Hardware Labs\ECEN-499-Motor-Feedback-Controller\STM32\stm32-motor-feedback-control\STM32F446RETX_FLASH.ld" --specs=nosys.specs -Wl,-Map="stm32-motor-feedback-control.map" -Wl,--gc-sections -static -u _printf_float --specs=nano.specs -mfpu=fpv4-sp-d16 -mfloat-abi=hard -mthumb -Wl,--start-group -lc -lm -Wl,--end-group
Finished building target: stm32-motor-feedback-control.elf
 
arm-none-eabi-size  stm32-motor-feedback-control.elf 
arm-none-eabi-objdump -h -S stm32-motor-feedback-control.elf  > "stm32-motor-feedback-control.list"
   text	   data	    bss	    dec	    hex	filename
  49308	    492	   2692	  52492	   cd0c	stm32-motor-feedback-control.elf
Finished building: default.size.stdout
 
Finished building: stm32-motor-feedback-control.list
 
16:39:36 **** Incremental Build of configuration Debug for project stm32-motor-feedback-control ****
make -j8 all 
arm-none-eabi-gcc "../Core/Src/main.c" -mcpu=cortex-m4 -std=gnu11 -g3 -DDEBUG -DUSE_HAL_DRIVER -DSTM32F446xx -c -I../Core/Inc -I../Drivers/STM32F4xx_HAL_Driver/Inc -I../Drivers/STM32F4xx_HAL_Driver/Inc/Legacy -I../Drivers/CMSIS/Device/ST/STM32F4xx/Include -I../Drivers/CMSIS/Include -O0 -ffunction-sections -fdata-sections -Wall -fstack-usage -fcyclomatic-complexity -MMD -MP -MF"Core/Src/main.d" -MT"Core/Src/main.o" --specs=nano.specs -mfpu=fpv4-sp-d16 -mfloat-abi=hard -mthumb -o "Core/Src/main.o"
arm-none-eabi-gcc "../Core/Src/motor_control.c" -mcpu=cortex-m4 -std=gnu11 -g3 -DDEBUG -DUSE_HAL_DRIVER -DSTM32F446xx -c -I../Core/Inc -I../Drivers/STM32F4xx_HAL_Driver/Inc -I../Drivers/STM32F4xx_HAL_Driver/Inc/Legacy -I../Drivers/CMSIS/Device/ST/STM32F4xx/Include -I../Drivers/CMSIS/Include -O0 -ffunction-sections -fdata-sections -Wall -fstack-usage -fcyclomatic-complexity -MMD -MP -MF"Core/Src/motor_control.d" -MT"Core/Src/motor_control.o" --specs=nano.specs -mfpu=fpv4-sp-d16 -mfloat-abi=hard -mthumb -o "Core/Src/motor_control.o"
arm-none-eabi-gcc "../Core/Src/telemetry.c" -mcpu=cortex-m4 -std=gnu11 -g3 -DDEBUG -DUSE_HAL_DRIVER -DSTM32F446xx -c -I../Core/Inc -I../Drivers/STM32F4xx_HAL_Driver/Inc -I../Drivers/STM32F4xx_HAL_Driver/Inc/Legacy -I../Drivers/CMSIS/Device/ST/STM32F4xx/Include -I../Drivers/CMSIS/Include -O0 -ffunction-sections -fdata-sections -Wall -fstack-usage -fcyclomatic-complexity -MMD -MP -MF"Core/Src/telemetry.d" -MT"Core/Src/telemetry.o" --specs=nano.specs -mfpu=fpv4-sp-d16 -mfloat-abi=hard -mthumb -o "Core/Src/telemetry.o"
arm-none-eabi-gcc -o "stm32-motor-feedback-control.elf" @"objects.list"   -mcpu=cortex-m4 -T"C:\Users\young\OneDrive\Documents\- Hardware Labs\ECEN-499-Motor-Feedback-Controller\STM32\stm32-motor-feedback-control\STM32F446RETX_FLASH.ld" --specs=nosys.specs -Wl,-Map="stm32-motor-feedback-control.map" -Wl,--gc-sections -static -u _printf_float --specs=nano.specs -mfpu=fpv4-sp-d16 -mfloat-abi=hard -mthumb -Wl,--start-group -lc -lm -Wl,--end-group
Finished building target: stm32-motor-feedback-control.elf
 
arm-none-eabi-size  stm32-motor-feedback-control.elf 
arm-none-eabi-objdump -h -S stm32-motor-feedback-control.elf  > "stm32-motor-feedback-control.list"
   text	   data	    bss	    dec	    hex	filename
  49340	    492	   2692	  52524	   cd2c	stm32-motor-feedback-control.elf
Finished building: default.size.stdout
 
Finished building: stm32-motor-feedback-control.list
 
16:49:28 **** Incremental Build of configuration Debug for project stm32-motor-feedback-control ****
make -j8 all 
arm-none-eabi-gcc "../Core/Src/motor_control.c" -mcpu=cortex-m4 -std=gnu11 -g3 -DDEBUG -DUSE_HAL_DRIVER -DSTM32F446xx -c -I../Core/Inc -I../Drivers/STM32F4xx_HAL_Driver/Inc -I../Drivers/STM32F4xx_HAL_Driver/Inc/Legacy -I../Drivers/CMSIS/Device/ST/STM32F4xx/Include -I../Drivers/CMSIS/Include -O0 -ffunction-sections -fdata-sections -Wall -fstack-usage -fcyclomatic-complexity -MMD -MP -MF"Core/Src/motor_control.d" -MT"Core/Src/motor_control.o" --specs=nano.specs -mfpu=fpv4-sp-d16 -mfloat-abi=hard -mthumb -o "Core/Src/motor_control.o"
arm-none-eabi-gcc -o "stm32-motor-feedback-control.elf" @"objects.list"   -mcpu=cortex-m4 -T"C:\Users\young\OneDrive\Documents\- Hardware Labs\ECEN-499-Motor-Feedback-Controller\STM32\stm32-motor-feedback-control\STM32F446RETX_FLASH.ld" --specs=nosys.specs -Wl,-Map="stm32-motor-feedback-control.map" -Wl,--gc-sections -static -u _printf_float --specs=nano.specs -mfpu=fpv4-sp-d16 -mfloat-abi=hard -mthumb -Wl,--start-group -lc -lm -Wl,--end-group
Finished building target: stm32-motor-feedback-control.elf
 
arm-none-eabi-size  stm32-motor-feedback-control.elf 
arm-none-eabi-objdump -h -S stm32-motor-feedback-control.elf  > "stm32-motor-feedback-control.list"
   text	   data	    bss	    dec	    hex	filename
  49396	    492	   2692	  52580	   cd64	stm32-motor-feedback-control.elf
Finished building: default.size.stdout
 
Finished building: stm32-motor-feedback-control.list
 
16:54:57 **** Incremental Build of configuration Debug for project stm32-motor-feedback-control ****
make -j8 all 
arm-none-eabi-gcc "../Core/Src/main.c" -mcpu=cortex-m4 -std=gnu11 -g3 -DDEBUG -DUSE_HAL_DRIVER -DSTM32F446xx -c -I../Core/Inc -I../Drivers/STM32F4xx_HAL_Driver/Inc -I../Drivers/STM32F4xx_HAL_Driver/Inc/Legacy -I../Drivers/CMSIS/Device/ST/STM32F4xx/Include -I../Drivers/CMSIS/Include -O0 -ffunction-sections -fdata-sections -Wall -fstack-usage -fcyclomatic-complexity -MMD -MP -MF"Core/Src/main.d" -MT"Core/Src/main.o" --specs=nano.specs -mfpu=fpv4-sp-d16 -mfloat-abi=hard -mthumb -o "Core/Src/main.o"
arm-none-eabi-gcc -o "stm32-motor-feedback-control.elf" @"objects.list"   -mcpu=cortex-m4 -T"C:\Users\young\OneDrive\Documents\- Hardware Labs\ECEN-499-Motor-Feedback-Controller\STM32\stm32-motor-feedback-control\STM32F446RETX_FLASH.ld" --specs=nosys.specs -Wl,-Map="stm32-motor-feedback-control.map" -Wl,--gc-sections -static -u _printf_float --specs=nano.specs -mfpu=fpv4-sp-d16 -mfloat-abi=hard -mthumb -Wl,--start-group -lc -lm -Wl,--end-group
Finished building target: stm32-motor-feedback-control.elf
 
arm-none-eabi-size  stm32-motor-feedback-control.elf 
arm-none-eabi-objdump -h -S stm32-motor-feedback-control.elf  > "stm32-motor-feedback-control.list"
   text	   data	    bss	    dec	    hex	filename
  49020	    492	   2684	  52196	   cbe4	stm32-motor-feedback-control.elf
Finished building: default.size.stdout
 
Finished building: stm32-motor-feedback-control.list
 
16:55:54 **** Incremental Build of configuration Debug for project stm32-motor-feedback-control ****
make -j8 all 
arm-none-eabi-gcc "../Core/Src/main.c" -mcpu=cortex-m4 -std=gnu11 -g3 -DDEBUG -DUSE_HAL_DRIVER -DSTM32F446xx -c -I../Core/Inc -I../Drivers/STM32F4xx_HAL_Driver/Inc -I../Drivers/STM32F4xx_HAL_Driver/Inc/Legacy -I../Drivers/CMSIS/Device/ST/STM32F4xx/Include -I../Drivers/CMSIS/Include -O0 -ffunction-sections -fdata-sections -Wall -fstack-usage -fcyclomatic-complexity -MMD -MP -MF"Core/Src/main.d" -MT"Core/Src/main.o" --specs=nano.specs -mfpu=fpv4-sp-d16 -mfloat-abi=hard -mthumb -o "Core/Src/main.o"
arm-none-eabi-gcc -o "stm32-motor-feedback-control.elf" @"objects.list"   -mcpu=cortex-m4 -T"C:\Users\young\OneDrive\Documents\- Hardware Labs\ECEN-499-Motor-Feedback-Controller\STM32\stm32-motor-feedback-control\STM32F446RETX_FLASH.ld" --specs=nosys.specs -Wl,-Map="stm32-motor-feedback-control.map" -Wl,--gc-sections -static -u _printf_float --specs=nano.specs -mfpu=fpv4-sp-d16 -mfloat-abi=hard -mthumb -Wl,--start-group -lc -lm -Wl,--end-group
Finished building target: stm32-motor-feedback-control.elf
 
arm-none-eabi-size  stm32-motor-feedback-control.elf 
arm-none-eabi-objdump -h -S stm32-motor-feedback-control.elf  > "stm32-motor-feedback-control.list"
   text	   data	    bss	    dec	    hex	filename
  49036	    492	   2684	  52212	   cbf4	stm32-motor-feedback-control.elf
Finished building: default.size.stdout
 
Finished building: stm32-motor-feedback-control.list
 
16:57:13 **** Incremental Build of configuration Debug for project stm32-motor-feedback-control ****
make -j8 all 
arm-none-eabi-gcc "../Core/Src/main.c" -mcpu=cortex-m4 -std=gnu11 -g3 -DDEBUG -DUSE_HAL_DRIVER -DSTM32F446xx -c -I../Core/Inc -I../Drivers/STM32F4xx_HAL_Driver/Inc -I../Drivers/STM32F4xx_HAL_Driver/Inc/Legacy -I../Drivers/CMSIS/Device/ST/STM32F4xx/Include -I../Drivers/CMSIS/Include -O0 -ffunction-sections -fdata-sections -Wall -fstack-usage -fcyclomatic-complexity -MMD -MP -MF"Core/Src/main.d" -MT"Core/Src/main.o" --specs=nano.specs -mfpu=fpv4-sp-d16 -mfloat-abi=hard -mthumb -o "Core/Src/main.o"
arm-none-eabi-gcc -o "stm32-motor-feedback-control.elf" @"objects.list"   -mcpu=cortex-m4 -T"C:\Users\young\OneDrive\Documents\- Hardware Labs\ECEN-499-Motor-Feedback-Controller\STM32\stm32-motor-feedback-control\STM32F446RETX_FLASH.ld" --specs=nosys.specs -Wl,-Map="stm32-motor-feedback-control.map" -Wl,--gc-sections -static -u _printf_float --specs=nano.specs -mfpu=fpv4-sp-d16 -mfloat-abi=hard -mthumb -Wl,--start-group -lc -lm -Wl,--end-group
Finished building target: stm32-motor-feedback-control.elf
 
arm-none-eabi-size  stm32-motor-feedback-control.elf 
arm-none-eabi-objdump -h -S stm32-motor-feedback-control.elf  > "stm32-motor-feedback-control.list"
   text	   data	    bss	    dec	    hex	filename
  49036	    492	   2684	  52212	   cbf4	stm32-motor-feedback-control.elf
Finished building: default.size.stdout
 
Finished building: stm32-motor-feedback-control.list
 
16:59:20 **** Incremental Build of configuration Debug for project stm32-motor-feedback-control ****
make -j8 all 
arm-none-eabi-gcc "../Core/Src/main.c" -mcpu=cortex-m4 -std=gnu11 -g3 -DDEBUG -DUSE_HAL_DRIVER -DSTM32F446xx -c -I../Core/Inc -I../Drivers/STM32F4xx_HAL_Driver/Inc -I../Drivers/STM32F4xx_HAL_Driver/Inc/Legacy -I../Drivers/CMSIS/Device/ST/STM32F4xx/Include -I../Drivers/CMSIS/Include -O0 -ffunction-sections -fdata-sections -Wall -fstack-usage -fcyclomatic-complexity -MMD -MP -MF"Core/Src/main.d" -MT"Core/Src/main.o" --specs=nano.specs -mfpu=fpv4-sp-d16 -mfloat-abi=hard -mthumb -o "Core/Src/main.o"
arm-none-eabi-gcc -o "stm32-motor-feedback-control.elf" @"objects.list"   -mcpu=cortex-m4 -T"C:\Users\young\OneDrive\Documents\- Hardware Labs\ECEN-499-Motor-Feedback-Controller\STM32\stm32-motor-feedback-control\STM32F446RETX_FLASH.ld" --specs=nosys.specs -Wl,-Map="stm32-motor-feedback-control.map" -Wl,--gc-sections -static -u _printf_float --specs=nano.specs -mfpu=fpv4-sp-d16 -mfloat-abi=hard -mthumb -Wl,--start-group -lc -lm -Wl,--end-group
Finished building target: stm32-motor-feedback-control.elf
 
arm-none-eabi-size  stm32-motor-feedback-control.elf 
arm-none-eabi-objdump -h -S stm32-motor-feedback-control.elf  > "stm32-motor-feedback-control.list"
   text	   data	    bss	    dec	    hex	filename
  49396	    492	   2692	  52580	   cd64	stm32-motor-feedback-control.elf
Finished building: default.size.stdout
 
Finished building: stm32-motor-feedback-control.list
 
17:01:38 **** Incremental Build of configuration Debug for project stm32-motor-feedback-control ****
make -j8 all 
arm-none-eabi-gcc "../Core/Src/main.c" -mcpu=cortex-m4 -std=gnu11 -g3 -DDEBUG -DUSE_HAL_DRIVER -DSTM32F446xx -c -I../Core/Inc -I../Drivers/STM32F4xx_HAL_Driver/Inc -I../Drivers/STM32F4xx_HAL_Driver/Inc/Legacy -I../Drivers/CMSIS/Device/ST/STM32F4xx/Include -I../Drivers/CMSIS/Include -O0 -ffunction-sections -fdata-sections -Wall -fstack-usage -fcyclomatic-complexity -MMD -MP -MF"Core/Src/main.d" -MT"Core/Src/main.o" --specs=nano.specs -mfpu=fpv4-sp-d16 -mfloat-abi=hard -mthumb -o "Core/Src/main.o"
arm-none-eabi-gcc -o "stm32-motor-feedback-control.elf" @"objects.list"   -mcpu=cortex-m4 -T"C:\Users\young\OneDrive\Documents\- Hardware Labs\ECEN-499-Motor-Feedback-Controller\STM32\stm32-motor-feedback-control\STM32F446RETX_FLASH.ld" --specs=nosys.specs -Wl,-Map="stm32-motor-feedback-control.map" -Wl,--gc-sections -static -u _printf_float --specs=nano.specs -mfpu=fpv4-sp-d16 -mfloat-abi=hard -mthumb -Wl,--start-group -lc -lm -Wl,--end-group
Finished building target: stm32-motor-feedback-control.elf
 
arm-none-eabi-size  stm32-motor-feedback-control.elf 
arm-none-eabi-objdump -h -S stm32-motor-feedback-control.elf  > "stm32-motor-feedback-control.list"
   text	   data	    bss	    dec	    hex	filename
  49036	    492	   2684	  52212	   cbf4	stm32-motor-feedback-control.elf
Finished building: default.size.stdout
 
Finished building: stm32-motor-feedback-control.list
 
15:31:15 **** Build of configuration Debug for project stm32-motor-feedback-control ****
make -j8 all 
arm-none-eabi-gcc "../Core/Src/main.c" -mcpu=cortex-m4 -std=gnu11 -g3 -DDEBUG -DUSE_HAL_DRIVER -DSTM32F446xx -c -I../Core/Inc -I../Drivers/STM32F4xx_HAL_Driver/Inc -I../Drivers/STM32F4xx_HAL_Driver/Inc/Legacy -I../Drivers/CMSIS/Device/ST/STM32F4xx/Include -I../Drivers/CMSIS/Include -O0 -ffunction-sections -fdata-sections -Wall -fstack-usage -fcyclomatic-complexity -MMD -MP -MF"Core/Src/main.d" -MT"Core/Src/main.o" --specs=nano.specs -mfpu=fpv4-sp-d16 -mfloat-abi=hard -mthumb -o "Core/Src/main.o"
arm-none-eabi-gcc "../Core/Src/motor_control.c" -mcpu=cortex-m4 -std=gnu11 -g3 -DDEBUG -DUSE_HAL_DRIVER -DSTM32F446xx -c -I../Core/Inc -I../Drivers/STM32F4xx_HAL_Driver/Inc -I../Drivers/STM32F4xx_HAL_Driver/Inc/Legacy -I../Drivers/CMSIS/Device/ST/STM32F4xx/Include -I../Drivers/CMSIS/Include -O0 -ffunction-sections -fdata-sections -Wall -fstack-usage -fcyclomatic-complexity -MMD -MP -MF"Core/Src/motor_control.d" -MT"Core/Src/motor_control.o" --specs=nano.specs -mfpu=fpv4-sp-d16 -mfloat-abi=hard -mthumb -o "Core/Src/motor_control.o"
arm-none-eabi-gcc "../Core/Src/stm32f4xx_hal_msp.c" -mcpu=cortex-m4 -std=gnu11 -g3 -DDEBUG -DUSE_HAL_DRIVER -DSTM32F446xx -c -I../Core/Inc -I../Drivers/STM32F4xx_HAL_Driver/Inc -I../Drivers/STM32F4xx_HAL_Driver/Inc/Legacy -I../Drivers/CMSIS/Device/ST/STM32F4xx/Include -I../Drivers/CMSIS/Include -O0 -ffunction-sections -fdata-sections -Wall -fstack-usage -fcyclomatic-complexity -MMD -MP -MF"Core/Src/stm32f4xx_hal_msp.d" -MT"Core/Src/stm32f4xx_hal_msp.o" --specs=nano.specs -mfpu=fpv4-sp-d16 -mfloat-abi=hard -mthumb -o "Core/Src/stm32f4xx_hal_msp.o"
arm-none-eabi-gcc "../Core/Src/stm32f4xx_it.c" -mcpu=cortex-m4 -std=gnu11 -g3 -DDEBUG -DUSE_HAL_DRIVER -DSTM32F446xx -c -I../Core/Inc -I../Drivers/STM32F4xx_HAL_Driver/Inc -I../Drivers/STM32F4xx_HAL_Driver/Inc/Legacy -I../Drivers/CMSIS/Device/ST/STM32F4xx/Include -I../Drivers/CMSIS/Include -O0 -ffunction-sections -fdata-sections -Wall -fstack-usage -fcyclomatic-complexity -MMD -MP -MF"Core/Src/stm32f4xx_it.d" -MT"Core/Src/stm32f4xx_it.o" --specs=nano.specs -mfpu=fpv4-sp-d16 -mfloat-abi=hard -mthumb -o "Core/Src/stm32f4xx_it.o"
arm-none-eabi-gcc "../Core/Src/telemetry.c" -mcpu=cortex-m4 -std=gnu11 -g3 -DDEBUG -DUSE_HAL_DRIVER -DSTM32F446xx -c -I../Core/Inc -I../Drivers/STM32F4xx_HAL_Driver/Inc -I../Drivers/STM32F4xx_HAL_Driver/Inc/Legacy -I../Drivers/CMSIS/Device/ST/STM32F4xx/Include -I../Drivers/CMSIS/Include -O0 -ffunction-sections -fdata-sections -Wall -fstack-usage -fcyclomatic-complexity -MMD -MP -MF"Core/Src/telemetry.d" -MT"Core/Src/telemetry.o" --specs=nano.specs -mfpu=fpv4-sp-d16 -mfloat-abi=hard -mthumb -o "Core/Src/telemetry.o"
../Core/Src/motor_control.c: In function 'Motor_Update_PID':
../Core/Src/motor_control.c:52:19: error: 'K_P' undeclared (first use in this function)
   52 |     float P_out = K_P * error;
      |                   ^~~
../Core/Src/motor_control.c:52:19: note: each undeclared identifier is reported only once for each function it appears in
../Core/Src/motor_control.c:62:19: error: 'K_I' undeclared (first use in this function)
   62 |     float I_out = K_I * integral;
      |                   ^~~
../Core/Src/motor_control.c:66:19: error: 'K_D' undeclared (first use in this function)
   66 |     float D_out = K_D * derivative;
      |                   ^~~
../Core/Src/motor_control.c: At top level:
../Core/Src/motor_control.c:12:14: warning: 'ramped_target_rpm' defined but not used [-Wunused-variable]
   12 | static float ramped_target_rpm = 0; // The "moving" target for the PID
      |              ^~~~~~~~~~~~~~~~~
make: *** [Core/Src/subdir.mk:46: Core/Src/motor_control.o] Error 1
make: *** Waiting for unfinished jobs....
"make -j8 all" terminated with exit code 2. Build might be incomplete.
15:31:53 **** Incremental Build of configuration Debug for project stm32-motor-feedback-control ****
make -j8 all 
arm-none-eabi-gcc "../Core/Src/main.c" -mcpu=cortex-m4 -std=gnu11 -g3 -DDEBUG -DUSE_HAL_DRIVER -DSTM32F446xx -c -I../Core/Inc -I../Drivers/STM32F4xx_HAL_Driver/Inc -I../Drivers/STM32F4xx_HAL_Driver/Inc/Legacy -I../Drivers/CMSIS/Device/ST/STM32F4xx/Include -I../Drivers/CMSIS/Include -O0 -ffunction-sections -fdata-sections -Wall -fstack-usage -fcyclomatic-complexity -MMD -MP -MF"Core/Src/main.d" -MT"Core/Src/main.o" --specs=nano.specs -mfpu=fpv4-sp-d16 -mfloat-abi=hard -mthumb -o "Core/Src/main.o"
arm-none-eabi-gcc "../Core/Src/motor_control.c" -mcpu=cortex-m4 -std=gnu11 -g3 -DDEBUG -DUSE_HAL_DRIVER -DSTM32F446xx -c -I../Core/Inc -I../Drivers/STM32F4xx_HAL_Driver/Inc -I../Drivers/STM32F4xx_HAL_Driver/Inc/Legacy -I../Drivers/CMSIS/Device/ST/STM32F4xx/Include -I../Drivers/CMSIS/Include -O0 -ffunction-sections -fdata-sections -Wall -fstack-usage -fcyclomatic-complexity -MMD -MP -MF"Core/Src/motor_control.d" -MT"Core/Src/motor_control.o" --specs=nano.specs -mfpu=fpv4-sp-d16 -mfloat-abi=hard -mthumb -o "Core/Src/motor_control.o"
arm-none-eabi-gcc "../Core/Src/telemetry.c" -mcpu=cortex-m4 -std=gnu11 -g3 -DDEBUG -DUSE_HAL_DRIVER -DSTM32F446xx -c -I../Core/Inc -I../Drivers/STM32F4xx_HAL_Driver/Inc -I../Drivers/STM32F4xx_HAL_Driver/Inc/Legacy -I../Drivers/CMSIS/Device/ST/STM32F4xx/Include -I../Drivers/CMSIS/Include -O0 -ffunction-sections -fdata-sections -Wall -fstack-usage -fcyclomatic-complexity -MMD -MP -MF"Core/Src/telemetry.d" -MT"Core/Src/telemetry.o" --specs=nano.specs -mfpu=fpv4-sp-d16 -mfloat-abi=hard -mthumb -o "Core/Src/telemetry.o"
../Core/Src/motor_control.c:12:14: warning: 'ramped_target_rpm' defined but not used [-Wunused-variable]
   12 | static float ramped_target_rpm = 0; // The "moving" target for the PID
      |              ^~~~~~~~~~~~~~~~~
arm-none-eabi-gcc -o "stm32-motor-feedback-control.elf" @"objects.list"   -mcpu=cortex-m4 -T"C:\Users\young\OneDrive\Documents\- Hardware Labs\ECEN-499-Motor-Feedback-Controller\STM32\stm32-motor-feedback-control\STM32F446RETX_FLASH.ld" --specs=nosys.specs -Wl,-Map="stm32-motor-feedback-control.map" -Wl,--gc-sections -static -u _printf_float --specs=nano.specs -mfpu=fpv4-sp-d16 -mfloat-abi=hard -mthumb -Wl,--start-group -lc -lm -Wl,--end-group
C:/ST/STM32CubeIDE_1.17.0/STM32CubeIDE/plugins/com.st.stm32cube.ide.mcu.externaltools.gnu-tools-for-stm32.13.3.rel1.win32_1.0.0.202411081344/tools/bin/../lib/gcc/arm-none-eabi/13.3.1/../../../../arm-none-eabi/bin/ld.exe: ./Core/Src/motor_control.o:C:/Users/young/OneDrive/Documents/- Hardware Labs/ECEN-499-Motor-Feedback-Controller/STM32/stm32-motor-feedback-control/Debug/../Core/Inc/motor_control.h:17: multiple definition of `K_P'; ./Core/Src/main.o:C:/Users/young/OneDrive/Documents/- Hardware Labs/ECEN-499-Motor-Feedback-Controller/STM32/stm32-motor-feedback-control/Debug/../Core/Inc/motor_control.h:17: first defined here
C:/ST/STM32CubeIDE_1.17.0/STM32CubeIDE/plugins/com.st.stm32cube.ide.mcu.externaltools.gnu-tools-for-stm32.13.3.rel1.win32_1.0.0.202411081344/tools/bin/../lib/gcc/arm-none-eabi/13.3.1/../../../../arm-none-eabi/bin/ld.exe: ./Core/Src/motor_control.o:C:/Users/young/OneDrive/Documents/- Hardware Labs/ECEN-499-Motor-Feedback-Controller/STM32/stm32-motor-feedback-control/Debug/../Core/Inc/motor_control.h:17: multiple definition of `K_I'; ./Core/Src/main.o:C:/Users/young/OneDrive/Documents/- Hardware Labs/ECEN-499-Motor-Feedback-Controller/STM32/stm32-motor-feedback-control/Debug/../Core/Inc/motor_control.h:17: first defined here
C:/ST/STM32CubeIDE_1.17.0/STM32CubeIDE/plugins/com.st.stm32cube.ide.mcu.externaltools.gnu-tools-for-stm32.13.3.rel1.win32_1.0.0.202411081344/tools/bin/../lib/gcc/arm-none-eabi/13.3.1/../../../../arm-none-eabi/bin/ld.exe: ./Core/Src/motor_control.o:C:/Users/young/OneDrive/Documents/- Hardware Labs/ECEN-499-Motor-Feedback-Controller/STM32/stm32-motor-feedback-control/Debug/../Core/Inc/motor_control.h:17: multiple definition of `K_D'; ./Core/Src/main.o:C:/Users/young/OneDrive/Documents/- Hardware Labs/ECEN-499-Motor-Feedback-Controller/STM32/stm32-motor-feedback-control/Debug/../Core/Inc/motor_control.h:17: first defined here
C:/ST/STM32CubeIDE_1.17.0/STM32CubeIDE/plugins/com.st.stm32cube.ide.mcu.externaltools.gnu-tools-for-stm32.13.3.rel1.win32_1.0.0.202411081344/tools/bin/../lib/gcc/arm-none-eabi/13.3.1/../../../../arm-none-eabi/bin/ld.exe: ./Core/Src/telemetry.o:C:/Users/young/OneDrive/Documents/- Hardware Labs/ECEN-499-Motor-Feedback-Controller/STM32/stm32-motor-feedback-control/Debug/../Core/Inc/motor_control.h:17: multiple definition of `K_P'; ./Core/Src/main.o:C:/Users/young/OneDrive/Documents/- Hardware Labs/ECEN-499-Motor-Feedback-Controller/STM32/stm32-motor-feedback-control/Debug/../Core/Inc/motor_control.h:17: first defined here
C:/ST/STM32CubeIDE_1.17.0/STM32CubeIDE/plugins/com.st.stm32cube.ide.mcu.externaltools.gnu-tools-for-stm32.13.3.rel1.win32_1.0.0.202411081344/tools/bin/../lib/gcc/arm-none-eabi/13.3.1/../../../../arm-none-eabi/bin/ld.exe: ./Core/Src/telemetry.o:C:/Users/young/OneDrive/Documents/- Hardware Labs/ECEN-499-Motor-Feedback-Controller/STM32/stm32-motor-feedback-control/Debug/../Core/Inc/motor_control.h:17: multiple definition of `K_I'; ./Core/Src/main.o:C:/Users/young/OneDrive/Documents/- Hardware Labs/ECEN-499-Motor-Feedback-Controller/STM32/stm32-motor-feedback-control/Debug/../Core/Inc/motor_control.h:17: first defined here
C:/ST/STM32CubeIDE_1.17.0/STM32CubeIDE/plugins/com.st.stm32cube.ide.mcu.externaltools.gnu-tools-for-stm32.13.3.rel1.win32_1.0.0.202411081344/tools/bin/../lib/gcc/arm-none-eabi/13.3.1/../../../../arm-none-eabi/bin/ld.exe: ./Core/Src/telemetry.o:C:/Users/young/OneDrive/Documents/- Hardware Labs/ECEN-499-Motor-Feedback-Controller/STM32/stm32-motor-feedback-control/Debug/../Core/Inc/motor_control.h:17: multiple definition of `K_D'; ./Core/Src/main.o:C:/Users/young/OneDrive/Documents/- Hardware Labs/ECEN-499-Motor-Feedback-Controller/STM32/stm32-motor-feedback-control/Debug/../Core/Inc/motor_control.h:17: first defined here
collect2.exe: error: ld returned 1 exit status
make: *** [makefile:64: stm32-motor-feedback-control.elf] Error 1
"make -j8 all" terminated with exit code 2. Build might be incomplete.
15:32:25 **** Incremental Build of configuration Debug for project stm32-motor-feedback-control ****
make -j8 all 
arm-none-eabi-gcc -o "stm32-motor-feedback-control.elf" @"objects.list"   -mcpu=cortex-m4 -T"C:\Users\young\OneDrive\Documents\- Hardware Labs\ECEN-499-Motor-Feedback-Controller\STM32\stm32-motor-feedback-control\STM32F446RETX_FLASH.ld" --specs=nosys.specs -Wl,-Map="stm32-motor-feedback-control.map" -Wl,--gc-sections -static -u _printf_float --specs=nano.specs -mfpu=fpv4-sp-d16 -mfloat-abi=hard -mthumb -Wl,--start-group -lc -lm -Wl,--end-group
C:/ST/STM32CubeIDE_1.17.0/STM32CubeIDE/plugins/com.st.stm32cube.ide.mcu.externaltools.gnu-tools-for-stm32.13.3.rel1.win32_1.0.0.202411081344/tools/bin/../lib/gcc/arm-none-eabi/13.3.1/../../../../arm-none-eabi/bin/ld.exe: ./Core/Src/motor_control.o:C:/Users/young/OneDrive/Documents/- Hardware Labs/ECEN-499-Motor-Feedback-Controller/STM32/stm32-motor-feedback-control/Debug/../Core/Inc/motor_control.h:17: multiple definition of `K_P'; ./Core/Src/main.o:C:/Users/young/OneDrive/Documents/- Hardware Labs/ECEN-499-Motor-Feedback-Controller/STM32/stm32-motor-feedback-control/Debug/../Core/Inc/motor_control.h:17: first defined here
C:/ST/STM32CubeIDE_1.17.0/STM32CubeIDE/plugins/com.st.stm32cube.ide.mcu.externaltools.gnu-tools-for-stm32.13.3.rel1.win32_1.0.0.202411081344/tools/bin/../lib/gcc/arm-none-eabi/13.3.1/../../../../arm-none-eabi/bin/ld.exe: ./Core/Src/motor_control.o:C:/Users/young/OneDrive/Documents/- Hardware Labs/ECEN-499-Motor-Feedback-Controller/STM32/stm32-motor-feedback-control/Debug/../Core/Inc/motor_control.h:17: multiple definition of `K_I'; ./Core/Src/main.o:C:/Users/young/OneDrive/Documents/- Hardware Labs/ECEN-499-Motor-Feedback-Controller/STM32/stm32-motor-feedback-control/Debug/../Core/Inc/motor_control.h:17: first defined here
C:/ST/STM32CubeIDE_1.17.0/STM32CubeIDE/plugins/com.st.stm32cube.ide.mcu.externaltools.gnu-tools-for-stm32.13.3.rel1.win32_1.0.0.202411081344/tools/bin/../lib/gcc/arm-none-eabi/13.3.1/../../../../arm-none-eabi/bin/ld.exe: ./Core/Src/motor_control.o:C:/Users/young/OneDrive/Documents/- Hardware Labs/ECEN-499-Motor-Feedback-Controller/STM32/stm32-motor-feedback-control/Debug/../Core/Inc/motor_control.h:17: multiple definition of `K_D'; ./Core/Src/main.o:C:/Users/young/OneDrive/Documents/- Hardware Labs/ECEN-499-Motor-Feedback-Controller/STM32/stm32-motor-feedback-control/Debug/../Core/Inc/motor_control.h:17: first defined here
C:/ST/STM32CubeIDE_1.17.0/STM32CubeIDE/plugins/com.st.stm32cube.ide.mcu.externaltools.gnu-tools-for-stm32.13.3.rel1.win32_1.0.0.202411081344/tools/bin/../lib/gcc/arm-none-eabi/13.3.1/../../../../arm-none-eabi/bin/ld.exe: ./Core/Src/telemetry.o:C:/Users/young/OneDrive/Documents/- Hardware Labs/ECEN-499-Motor-Feedback-Controller/STM32/stm32-motor-feedback-control/Debug/../Core/Inc/motor_control.h:17: multiple definition of `K_P'; ./Core/Src/main.o:C:/Users/young/OneDrive/Documents/- Hardware Labs/ECEN-499-Motor-Feedback-Controller/STM32/stm32-motor-feedback-control/Debug/../Core/Inc/motor_control.h:17: first defined here
C:/ST/STM32CubeIDE_1.17.0/STM32CubeIDE/plugins/com.st.stm32cube.ide.mcu.externaltools.gnu-tools-for-stm32.13.3.rel1.win32_1.0.0.202411081344/tools/bin/../lib/gcc/arm-none-eabi/13.3.1/../../../../arm-none-eabi/bin/ld.exe: ./Core/Src/telemetry.o:C:/Users/young/OneDrive/Documents/- Hardware Labs/ECEN-499-Motor-Feedback-Controller/STM32/stm32-motor-feedback-control/Debug/../Core/Inc/motor_control.h:17: multiple definition of `K_I'; ./Core/Src/main.o:C:/Users/young/OneDrive/Documents/- Hardware Labs/ECEN-499-Motor-Feedback-Controller/STM32/stm32-motor-feedback-control/Debug/../Core/Inc/motor_control.h:17: first defined here
C:/ST/STM32CubeIDE_1.17.0/STM32CubeIDE/plugins/com.st.stm32cube.ide.mcu.externaltools.gnu-tools-for-stm32.13.3.rel1.win32_1.0.0.202411081344/tools/bin/../lib/gcc/arm-none-eabi/13.3.1/../../../../arm-none-eabi/bin/ld.exe: ./Core/Src/telemetry.o:C:/Users/young/OneDrive/Documents/- Hardware Labs/ECEN-499-Motor-Feedback-Controller/STM32/stm32-motor-feedback-control/Debug/../Core/Inc/motor_control.h:17: multiple definition of `K_D'; ./Core/Src/main.o:C:/Users/young/OneDrive/Documents/- Hardware Labs/ECEN-499-Motor-Feedback-Controller/STM32/stm32-motor-feedback-control/Debug/../Core/Inc/motor_control.h:17: first defined here
collect2.exe: error: ld returned 1 exit status
make: *** [makefile:64: stm32-motor-feedback-control.elf] Error 1
"make -j8 all" terminated with exit code 2. Build might be incomplete.
15:32:50 **** Incremental Build of configuration Debug for project stm32-motor-feedback-control ****
make -j8 all 
arm-none-eabi-gcc -o "stm32-motor-feedback-control.elf" @"objects.list"   -mcpu=cortex-m4 -T"C:\Users\young\OneDrive\Documents\- Hardware Labs\ECEN-499-Motor-Feedback-Controller\STM32\stm32-motor-feedback-control\STM32F446RETX_FLASH.ld" --specs=nosys.specs -Wl,-Map="stm32-motor-feedback-control.map" -Wl,--gc-sections -static -u _printf_float --specs=nano.specs -mfpu=fpv4-sp-d16 -mfloat-abi=hard -mthumb -Wl,--start-group -lc -lm -Wl,--end-group
C:/ST/STM32CubeIDE_1.17.0/STM32CubeIDE/plugins/com.st.stm32cube.ide.mcu.externaltools.gnu-tools-for-stm32.13.3.rel1.win32_1.0.0.202411081344/tools/bin/../lib/gcc/arm-none-eabi/13.3.1/../../../../arm-none-eabi/bin/ld.exe: ./Core/Src/motor_control.o:C:/Users/young/OneDrive/Documents/- Hardware Labs/ECEN-499-Motor-Feedback-Controller/STM32/stm32-motor-feedback-control/Debug/../Core/Inc/motor_control.h:17: multiple definition of `K_P'; ./Core/Src/main.o:C:/Users/young/OneDrive/Documents/- Hardware Labs/ECEN-499-Motor-Feedback-Controller/STM32/stm32-motor-feedback-control/Debug/../Core/Inc/motor_control.h:17: first defined here
C:/ST/STM32CubeIDE_1.17.0/STM32CubeIDE/plugins/com.st.stm32cube.ide.mcu.externaltools.gnu-tools-for-stm32.13.3.rel1.win32_1.0.0.202411081344/tools/bin/../lib/gcc/arm-none-eabi/13.3.1/../../../../arm-none-eabi/bin/ld.exe: ./Core/Src/motor_control.o:C:/Users/young/OneDrive/Documents/- Hardware Labs/ECEN-499-Motor-Feedback-Controller/STM32/stm32-motor-feedback-control/Debug/../Core/Inc/motor_control.h:17: multiple definition of `K_I'; ./Core/Src/main.o:C:/Users/young/OneDrive/Documents/- Hardware Labs/ECEN-499-Motor-Feedback-Controller/STM32/stm32-motor-feedback-control/Debug/../Core/Inc/motor_control.h:17: first defined here
C:/ST/STM32CubeIDE_1.17.0/STM32CubeIDE/plugins/com.st.stm32cube.ide.mcu.externaltools.gnu-tools-for-stm32.13.3.rel1.win32_1.0.0.202411081344/tools/bin/../lib/gcc/arm-none-eabi/13.3.1/../../../../arm-none-eabi/bin/ld.exe: ./Core/Src/motor_control.o:C:/Users/young/OneDrive/Documents/- Hardware Labs/ECEN-499-Motor-Feedback-Controller/STM32/stm32-motor-feedback-control/Debug/../Core/Inc/motor_control.h:17: multiple definition of `K_D'; ./Core/Src/main.o:C:/Users/young/OneDrive/Documents/- Hardware Labs/ECEN-499-Motor-Feedback-Controller/STM32/stm32-motor-feedback-control/Debug/../Core/Inc/motor_control.h:17: first defined here
C:/ST/STM32CubeIDE_1.17.0/STM32CubeIDE/plugins/com.st.stm32cube.ide.mcu.externaltools.gnu-tools-for-stm32.13.3.rel1.win32_1.0.0.202411081344/tools/bin/../lib/gcc/arm-none-eabi/13.3.1/../../../../arm-none-eabi/bin/ld.exe: ./Core/Src/telemetry.o:C:/Users/young/OneDrive/Documents/- Hardware Labs/ECEN-499-Motor-Feedback-Controller/STM32/stm32-motor-feedback-control/Debug/../Core/Inc/motor_control.h:17: multiple definition of `K_P'; ./Core/Src/main.o:C:/Users/young/OneDrive/Documents/- Hardware Labs/ECEN-499-Motor-Feedback-Controller/STM32/stm32-motor-feedback-control/Debug/../Core/Inc/motor_control.h:17: first defined here
C:/ST/STM32CubeIDE_1.17.0/STM32CubeIDE/plugins/com.st.stm32cube.ide.mcu.externaltools.gnu-tools-for-stm32.13.3.rel1.win32_1.0.0.202411081344/tools/bin/../lib/gcc/arm-none-eabi/13.3.1/../../../../arm-none-eabi/bin/ld.exe: ./Core/Src/telemetry.o:C:/Users/young/OneDrive/Documents/- Hardware Labs/ECEN-499-Motor-Feedback-Controller/STM32/stm32-motor-feedback-control/Debug/../Core/Inc/motor_control.h:17: multiple definition of `K_I'; ./Core/Src/main.o:C:/Users/young/OneDrive/Documents/- Hardware Labs/ECEN-499-Motor-Feedback-Controller/STM32/stm32-motor-feedback-control/Debug/../Core/Inc/motor_control.h:17: first defined here
C:/ST/STM32CubeIDE_1.17.0/STM32CubeIDE/plugins/com.st.stm32cube.ide.mcu.externaltools.gnu-tools-for-stm32.13.3.rel1.win32_1.0.0.202411081344/tools/bin/../lib/gcc/arm-none-eabi/13.3.1/../../../../arm-none-eabi/bin/ld.exe: ./Core/Src/telemetry.o:C:/Users/young/OneDrive/Documents/- Hardware Labs/ECEN-499-Motor-Feedback-Controller/STM32/stm32-motor-feedback-control/Debug/../Core/Inc/motor_control.h:17: multiple definition of `K_D'; ./Core/Src/main.o:C:/Users/young/OneDrive/Documents/- Hardware Labs/ECEN-499-Motor-Feedback-Controller/STM32/stm32-motor-feedback-control/Debug/../Core/Inc/motor_control.h:17: first defined here
collect2.exe: error: ld returned 1 exit status
make: *** [makefile:64: stm32-motor-feedback-control.elf] Error 1
"make -j8 all" terminated with exit code 2. Build might be incomplete.
15:34:10 **** Incremental Build of configuration Debug for project stm32-motor-feedback-control ****
make -j8 all 
arm-none-eabi-gcc "../Core/Src/motor_control.c" -mcpu=cortex-m4 -std=gnu11 -g3 -DDEBUG -DUSE_HAL_DRIVER -DSTM32F446xx -c -I../Core/Inc -I../Drivers/STM32F4xx_HAL_Driver/Inc -I../Drivers/STM32F4xx_HAL_Driver/Inc/Legacy -I../Drivers/CMSIS/Device/ST/STM32F4xx/Include -I../Drivers/CMSIS/Include -O0 -ffunction-sections -fdata-sections -Wall -fstack-usage -fcyclomatic-complexity -MMD -MP -MF"Core/Src/motor_control.d" -MT"Core/Src/motor_control.o" --specs=nano.specs -mfpu=fpv4-sp-d16 -mfloat-abi=hard -mthumb -o "Core/Src/motor_control.o"
../Core/Src/motor_control.c:12:14: warning: 'ramped_target_rpm' defined but not used [-Wunused-variable]
   12 | static float ramped_target_rpm = 0; // The "moving" target for the PID
      |              ^~~~~~~~~~~~~~~~~
arm-none-eabi-gcc -o "stm32-motor-feedback-control.elf" @"objects.list"   -mcpu=cortex-m4 -T"C:\Users\young\OneDrive\Documents\- Hardware Labs\ECEN-499-Motor-Feedback-Controller\STM32\stm32-motor-feedback-control\STM32F446RETX_FLASH.ld" --specs=nosys.specs -Wl,-Map="stm32-motor-feedback-control.map" -Wl,--gc-sections -static -u _printf_float --specs=nano.specs -mfpu=fpv4-sp-d16 -mfloat-abi=hard -mthumb -Wl,--start-group -lc -lm -Wl,--end-group
C:/ST/STM32CubeIDE_1.17.0/STM32CubeIDE/plugins/com.st.stm32cube.ide.mcu.externaltools.gnu-tools-for-stm32.13.3.rel1.win32_1.0.0.202411081344/tools/bin/../lib/gcc/arm-none-eabi/13.3.1/../../../../arm-none-eabi/bin/ld.exe: ./Core/Src/motor_control.o:C:/Users/young/OneDrive/Documents/- Hardware Labs/ECEN-499-Motor-Feedback-Controller/STM32/stm32-motor-feedback-control/Debug/../Core/Inc/motor_control.h:17: multiple definition of `K_P'; ./Core/Src/main.o:C:/Users/young/OneDrive/Documents/- Hardware Labs/ECEN-499-Motor-Feedback-Controller/STM32/stm32-motor-feedback-control/Debug/../Core/Inc/motor_control.h:17: first defined here
C:/ST/STM32CubeIDE_1.17.0/STM32CubeIDE/plugins/com.st.stm32cube.ide.mcu.externaltools.gnu-tools-for-stm32.13.3.rel1.win32_1.0.0.202411081344/tools/bin/../lib/gcc/arm-none-eabi/13.3.1/../../../../arm-none-eabi/bin/ld.exe: ./Core/Src/motor_control.o:C:/Users/young/OneDrive/Documents/- Hardware Labs/ECEN-499-Motor-Feedback-Controller/STM32/stm32-motor-feedback-control/Debug/../Core/Inc/motor_control.h:17: multiple definition of `K_I'; ./Core/Src/main.o:C:/Users/young/OneDrive/Documents/- Hardware Labs/ECEN-499-Motor-Feedback-Controller/STM32/stm32-motor-feedback-control/Debug/../Core/Inc/motor_control.h:17: first defined here
C:/ST/STM32CubeIDE_1.17.0/STM32CubeIDE/plugins/com.st.stm32cube.ide.mcu.externaltools.gnu-tools-for-stm32.13.3.rel1.win32_1.0.0.202411081344/tools/bin/../lib/gcc/arm-none-eabi/13.3.1/../../../../arm-none-eabi/bin/ld.exe: ./Core/Src/motor_control.o:C:/Users/young/OneDrive/Documents/- Hardware Labs/ECEN-499-Motor-Feedback-Controller/STM32/stm32-motor-feedback-control/Debug/../Core/Inc/motor_control.h:17: multiple definition of `K_D'; ./Core/Src/main.o:C:/Users/young/OneDrive/Documents/- Hardware Labs/ECEN-499-Motor-Feedback-Controller/STM32/stm32-motor-feedback-control/Debug/../Core/Inc/motor_control.h:17: first defined here
C:/ST/STM32CubeIDE_1.17.0/STM32CubeIDE/plugins/com.st.stm32cube.ide.mcu.externaltools.gnu-tools-for-stm32.13.3.rel1.win32_1.0.0.202411081344/tools/bin/../lib/gcc/arm-none-eabi/13.3.1/../../../../arm-none-eabi/bin/ld.exe: ./Core/Src/telemetry.o:C:/Users/young/OneDrive/Documents/- Hardware Labs/ECEN-499-Motor-Feedback-Controller/STM32/stm32-motor-feedback-control/Debug/../Core/Inc/motor_control.h:17: multiple definition of `K_P'; ./Core/Src/main.o:C:/Users/young/OneDrive/Documents/- Hardware Labs/ECEN-499-Motor-Feedback-Controller/STM32/stm32-motor-feedback-control/Debug/../Core/Inc/motor_control.h:17: first defined here
C:/ST/STM32CubeIDE_1.17.0/STM32CubeIDE/plugins/com.st.stm32cube.ide.mcu.externaltools.gnu-tools-for-stm32.13.3.rel1.win32_1.0.0.202411081344/tools/bin/../lib/gcc/arm-none-eabi/13.3.1/../../../../arm-none-eabi/bin/ld.exe: ./Core/Src/telemetry.o:C:/Users/young/OneDrive/Documents/- Hardware Labs/ECEN-499-Motor-Feedback-Controller/STM32/stm32-motor-feedback-control/Debug/../Core/Inc/motor_control.h:17: multiple definition of `K_I'; ./Core/Src/main.o:C:/Users/young/OneDrive/Documents/- Hardware Labs/ECEN-499-Motor-Feedback-Controller/STM32/stm32-motor-feedback-control/Debug/../Core/Inc/motor_control.h:17: first defined here
C:/ST/STM32CubeIDE_1.17.0/STM32CubeIDE/plugins/com.st.stm32cube.ide.mcu.externaltools.gnu-tools-for-stm32.13.3.rel1.win32_1.0.0.202411081344/tools/bin/../lib/gcc/arm-none-eabi/13.3.1/../../../../arm-none-eabi/bin/ld.exe: ./Core/Src/telemetry.o:C:/Users/young/OneDrive/Documents/- Hardware Labs/ECEN-499-Motor-Feedback-Controller/STM32/stm32-motor-feedback-control/Debug/../Core/Inc/motor_control.h:17: multiple definition of `K_D'; ./Core/Src/main.o:C:/Users/young/OneDrive/Documents/- Hardware Labs/ECEN-499-Motor-Feedback-Controller/STM32/stm32-motor-feedback-control/Debug/../Core/Inc/motor_control.h:17: first defined here
collect2.exe: error: ld returned 1 exit status
make: *** [makefile:64: stm32-motor-feedback-control.elf] Error 1
"make -j8 all" terminated with exit code 2. Build might be incomplete.
15:34:23 **** Incremental Build of configuration Debug for project stm32-motor-feedback-control ****
make -j8 all 
arm-none-eabi-gcc "../Core/Src/main.c" -mcpu=cortex-m4 -std=gnu11 -g3 -DDEBUG -DUSE_HAL_DRIVER -DSTM32F446xx -c -I../Core/Inc -I../Drivers/STM32F4xx_HAL_Driver/Inc -I../Drivers/STM32F4xx_HAL_Driver/Inc/Legacy -I../Drivers/CMSIS/Device/ST/STM32F4xx/Include -I../Drivers/CMSIS/Include -O0 -ffunction-sections -fdata-sections -Wall -fstack-usage -fcyclomatic-complexity -MMD -MP -MF"Core/Src/main.d" -MT"Core/Src/main.o" --specs=nano.specs -mfpu=fpv4-sp-d16 -mfloat-abi=hard -mthumb -o "Core/Src/main.o"
arm-none-eabi-gcc "../Core/Src/motor_control.c" -mcpu=cortex-m4 -std=gnu11 -g3 -DDEBUG -DUSE_HAL_DRIVER -DSTM32F446xx -c -I../Core/Inc -I../Drivers/STM32F4xx_HAL_Driver/Inc -I../Drivers/STM32F4xx_HAL_Driver/Inc/Legacy -I../Drivers/CMSIS/Device/ST/STM32F4xx/Include -I../Drivers/CMSIS/Include -O0 -ffunction-sections -fdata-sections -Wall -fstack-usage -fcyclomatic-complexity -MMD -MP -MF"Core/Src/motor_control.d" -MT"Core/Src/motor_control.o" --specs=nano.specs -mfpu=fpv4-sp-d16 -mfloat-abi=hard -mthumb -o "Core/Src/motor_control.o"
arm-none-eabi-gcc "../Core/Src/telemetry.c" -mcpu=cortex-m4 -std=gnu11 -g3 -DDEBUG -DUSE_HAL_DRIVER -DSTM32F446xx -c -I../Core/Inc -I../Drivers/STM32F4xx_HAL_Driver/Inc -I../Drivers/STM32F4xx_HAL_Driver/Inc/Legacy -I../Drivers/CMSIS/Device/ST/STM32F4xx/Include -I../Drivers/CMSIS/Include -O0 -ffunction-sections -fdata-sections -Wall -fstack-usage -fcyclomatic-complexity -MMD -MP -MF"Core/Src/telemetry.d" -MT"Core/Src/telemetry.o" --specs=nano.specs -mfpu=fpv4-sp-d16 -mfloat-abi=hard -mthumb -o "Core/Src/telemetry.o"
../Core/Src/motor_control.c:12:14: warning: 'ramped_target_rpm' defined but not used [-Wunused-variable]
   12 | static float ramped_target_rpm = 0; // The "moving" target for the PID
      |              ^~~~~~~~~~~~~~~~~
arm-none-eabi-gcc -o "stm32-motor-feedback-control.elf" @"objects.list"   -mcpu=cortex-m4 -T"C:\Users\young\OneDrive\Documents\- Hardware Labs\ECEN-499-Motor-Feedback-Controller\STM32\stm32-motor-feedback-control\STM32F446RETX_FLASH.ld" --specs=nosys.specs -Wl,-Map="stm32-motor-feedback-control.map" -Wl,--gc-sections -static -u _printf_float --specs=nano.specs -mfpu=fpv4-sp-d16 -mfloat-abi=hard -mthumb -Wl,--start-group -lc -lm -Wl,--end-group
Finished building target: stm32-motor-feedback-control.elf
 
arm-none-eabi-size  stm32-motor-feedback-control.elf 
arm-none-eabi-objdump -h -S stm32-motor-feedback-control.elf  > "stm32-motor-feedback-control.list"
   text	   data	    bss	    dec	    hex	filename
  49508	    484	   2756	  52748	   ce0c	stm32-motor-feedback-control.elf
Finished building: default.size.stdout
 
Finished building: stm32-motor-feedback-control.list
 
15:34:45 **** Incremental Build of configuration Debug for project stm32-motor-feedback-control ****
make -j8 all 
[...]
arm-none-eabi-gcc "../Core/Src/telemetry.c" -mcpu=cortex-m4 -std=gnu11 -g3 -DDEBUG -DUSE_HAL_DRIVER -DSTM32F446xx -c -I../Core/Inc -I../Drivers/STM32F4xx_HAL_Driver/Inc -I../Drivers/STM32F4xx_HAL_Driver/Inc/Legacy -I../Drivers/CMSIS/Device/ST/STM32F4xx/Include -I../Drivers/CMSIS/Include -O0 -ffunction-sections -fdata-sections -Wall -fstack-usage -fcyclomatic-complexity -MMD -MP -MF"Core/Src/telemetry.d" -MT"Core/Src/telemetry.o" --specs=nano.specs -mfpu=fpv4-sp-d16 -mfloat-abi=hard -mthumb -o "Core/Src/telemetry.o"
../Core/Src/rpm_sensor.c:87:14: error: static declaration of 'get_median_of_3' follows non-static declaration
   87 | static float get_median_of_3(float a, float b, float c) {
      |              ^~~~~~~~~~~~~~~
In file included from ../Core/Src/rpm_sensor.c:9:
../Core/Inc/rpm_sensor.h:43:7: note: previous declaration of 'get_median_of_3' with type 'float(float,  float,  float)'
   43 | float get_median_of_3(float a, float b, float c);
      |       ^~~~~~~~~~~~~~~
../Core/Src/rpm_sensor.c:87:14: warning: 'get_median_of_3' defined but not used [-Wunused-function]
   87 | static float get_median_of_3(float a, float b, float c) {
      |              ^~~~~~~~~~~~~~~
make: *** [Core/Src/subdir.mk:46: Core/Src/rpm_sensor.o] Error 1
make: *** Waiting for unfinished jobs....
../Core/Src/telemetry.c: In function 'HAL_UART_RxCpltCallback':
../Core/Src/telemetry.c:91:58: warning: format '%d' expects argument of type 'int', but argument 2 has type 'double' [-Wformat=]
   91 |                                 printf("\r\nTARGET RPM: %d\r\n>>", target_rpm);
      |                                                         ~^         ~~~~~~~~~~
      |                                                          |         |
      |                                                          int       double
      |                                                         %f
"make -j8 all" terminated with exit code 2. Build might be incomplete.
14:25:18 **** Incremental Build of configuration Debug for project stm32-motor-feedback-control ****
make -j8 all 
arm-none-eabi-gcc "../Core/Src/rpm_sensor.c" -mcpu=cortex-m4 -std=gnu11 -g3 -DDEBUG -DUSE_HAL_DRIVER -DSTM32F446xx -c -I../Core/Inc -I../Drivers/STM32F4xx_HAL_Driver/Inc -I../Drivers/STM32F4xx_HAL_Driver/Inc/Legacy -I../Drivers/CMSIS/Device/ST/STM32F4xx/Include -I../Drivers/CMSIS/Include -O0 -ffunction-sections -fdata-sections -Wall -fstack-usage -fcyclomatic-complexity -MMD -MP -MF"Core/Src/rpm_sensor.d" -MT"Core/Src/rpm_sensor.o" --specs=nano.specs -mfpu=fpv4-sp-d16 -mfloat-abi=hard -mthumb -o "Core/Src/rpm_sensor.o"
../Core/Src/rpm_sensor.c:52:14: error: static declaration of 'get_median_of_3' follows non-static declaration
   52 | static float get_median_of_3(float a, float b, float c) {
      |              ^~~~~~~~~~~~~~~
In file included from ../Core/Src/rpm_sensor.c:9:
../Core/Inc/rpm_sensor.h:43:7: note: previous declaration of 'get_median_of_3' with type 'float(float,  float,  float)'
   43 | float get_median_of_3(float a, float b, float c);
      |       ^~~~~~~~~~~~~~~
make: *** [Core/Src/subdir.mk:46: Core/Src/rpm_sensor.o] Error 1
"make -j8 all" terminated with exit code 2. Build might be incomplete.
14:25:48 **** Incremental Build of configuration Debug for project stm32-motor-feedback-control ****
make -j8 all 
arm-none-eabi-gcc "../Core/Src/lcd.c" -mcpu=cortex-m4 -std=gnu11 -g3 -DDEBUG -DUSE_HAL_DRIVER -DSTM32F446xx -c -I../Core/Inc -I../Drivers/STM32F4xx_HAL_Driver/Inc -I../Drivers/STM32F4xx_HAL_Driver/Inc/Legacy -I../Drivers/CMSIS/Device/ST/STM32F4xx/Include -I../Drivers/CMSIS/Include -O0 -ffunction-sections -fdata-sections -Wall -fstack-usage -fcyclomatic-complexity -MMD -MP -MF"Core/Src/lcd.d" -MT"Core/Src/lcd.o" --specs=nano.specs -mfpu=fpv4-sp-d16 -mfloat-abi=hard -mthumb -o "Core/Src/lcd.o"
arm-none-eabi-gcc "../Core/Src/main.c" -mcpu=cortex-m4 -std=gnu11 -g3 -DDEBUG -DUSE_HAL_DRIVER -DSTM32F446xx -c -I../Core/Inc -I../Drivers/STM32F4xx_HAL_Driver/Inc -I../Drivers/STM32F4xx_HAL_Driver/Inc/Legacy -I../Drivers/CMSIS/Device/ST/STM32F4xx/Include -I../Drivers/CMSIS/Include -O0 -ffunction-sections -fdata-sections -Wall -fstack-usage -fcyclomatic-complexity -MMD -MP -MF"Core/Src/main.d" -MT"Core/Src/main.o" --specs=nano.specs -mfpu=fpv4-sp-d16 -mfloat-abi=hard -mthumb -o "Core/Src/main.o"
arm-none-eabi-gcc "../Core/Src/rpm_sensor.c" -mcpu=cortex-m4 -std=gnu11 -g3 -DDEBUG -DUSE_HAL_DRIVER -DSTM32F446xx -c -I../Core/Inc -I../Drivers/STM32F4xx_HAL_Driver/Inc -I../Drivers/STM32F4xx_HAL_Driver/Inc/Legacy -I../Drivers/CMSIS/Device/ST/STM32F4xx/Include -I../Drivers/CMSIS/Include -O0 -ffunction-sections -fdata-sections -Wall -fstack-usage -fcyclomatic-complexity -MMD -MP -MF"Core/Src/rpm_sensor.d" -MT"Core/Src/rpm_sensor.o" --specs=nano.specs -mfpu=fpv4-sp-d16 -mfloat-abi=hard -mthumb -o "Core/Src/rpm_sensor.o"
arm-none-eabi-gcc "../Core/Src/telemetry.c" -mcpu=cortex-m4 -std=gnu11 -g3 -DDEBUG -DUSE_HAL_DRIVER -DSTM32F446xx -c -I../Core/Inc -I../Drivers/STM32F4xx_HAL_Driver/Inc -I../Drivers/STM32F4xx_HAL_Driver/Inc/Legacy -I../Drivers/CMSIS/Device/ST/STM32F4xx/Include -I../Drivers/CMSIS/Include -O0 -ffunction-sections -fdata-sections -Wall -fstack-usage -fcyclomatic-complexity -MMD -MP -MF"Core/Src/telemetry.d" -MT"Core/Src/telemetry.o" --specs=nano.specs -mfpu=fpv4-sp-d16 -mfloat-abi=hard -mthumb -o "Core/Src/telemetry.o"
In file included from ../Core/Src/lcd.c:3:
../Core/Inc/rpm_sensor.h:52:14: warning: 'get_median_of_3' defined but not used [-Wunused-function]
   52 | static float get_median_of_3(float a, float b, float c) {
      |              ^~~~~~~~~~~~~~~
In file included from ../Core/Src/main.c:24:
../Core/Inc/rpm_sensor.h:52:14: warning: 'get_median_of_3' defined but not used [-Wunused-function]
   52 | static float get_median_of_3(float a, float b, float c) {
      |              ^~~~~~~~~~~~~~~
../Core/Src/telemetry.c: In function 'HAL_UART_RxCpltCallback':
../Core/Src/telemetry.c:91:58: warning: format '%d' expects argument of type 'int', but argument 2 has type 'double' [-Wformat=]
   91 |                                 printf("\r\nTARGET RPM: %d\r\n>>", target_rpm);
      |                                                         ~^         ~~~~~~~~~~
      |                                                          |         |
      |                                                          int       double
      |                                                         %f
In file included from ../Core/Src/telemetry.c:9:
../Core/Inc/rpm_sensor.h: At top level:
../Core/Inc/rpm_sensor.h:52:14: warning: 'get_median_of_3' defined but not used [-Wunused-function]
   52 | static float get_median_of_3(float a, float b, float c) {
      |              ^~~~~~~~~~~~~~~
arm-none-eabi-gcc -o "stm32-motor-feedback-control.elf" @"objects.list"   -mcpu=cortex-m4 -T"C:\Users\young\OneDrive\Documents\- Hardware Labs\ECEN-499-Motor-Feedback-Controller\STM32\stm32-motor-feedback-control\STM32F446RETX_FLASH.ld" --specs=nosys.specs -Wl,-Map="stm32-motor-feedback-control.map" -Wl,--gc-sections -static -u _printf_float --specs=nano.specs -mfpu=fpv4-sp-d16 -mfloat-abi=hard -mthumb -Wl,--start-group -lc -lm -Wl,--end-group
Finished building target: stm32-motor-feedback-control.elf
 
arm-none-eabi-size  stm32-motor-feedback-control.elf 
arm-none-eabi-objdump -h -S stm32-motor-feedback-control.elf  > "stm32-motor-feedback-control.list"
   text	   data	    bss	    dec	    hex	filename
  60300	    496	   3392	  64188	   fabc	stm32-motor-feedback-control.elf
Finished building: default.size.stdout
 
Finished building: stm32-motor-feedback-control.list
 
14:27:07 **** Incremental Build of configuration Debug for project stm32-motor-feedback-control ****
make -j8 all 
arm-none-eabi-gcc "../Core/Src/lcd.c" -mcpu=cortex-m4 -std=gnu11 -g3 -DDEBUG -DUSE_HAL_DRIVER -DSTM32F446xx -c -I../Core/Inc -I../Drivers/STM32F4xx_HAL_Driver/Inc -I../Drivers/STM32F4xx_HAL_Driver/Inc/Legacy -I../Drivers/CMSIS/Device/ST/STM32F4xx/Include -I../Drivers/CMSIS/Include -O0 -ffunction-sections -fdata-sections -Wall -fstack-usage -fcyclomatic-complexity -MMD -MP -MF"Core/Src/lcd.d" -MT"Core/Src/lcd.o" --specs=nano.specs -mfpu=fpv4-sp-d16 -mfloat-abi=hard -mthumb -o "Core/Src/lcd.o"
arm-none-eabi-gcc "../Core/Src/main.c" -mcpu=cortex-m4 -std=gnu11 -g3 -DDEBUG -DUSE_HAL_DRIVER -DSTM32F446xx -c -I../Core/Inc -I../Drivers/STM32F4xx_HAL_Driver/Inc -I../Drivers/STM32F4xx_HAL_Driver/Inc/Legacy -I../Drivers/CMSIS/Device/ST/STM32F4xx/Include -I../Drivers/CMSIS/Include -O0 -ffunction-sections -fdata-sections -Wall -fstack-usage -fcyclomatic-complexity -MMD -MP -MF"Core/Src/main.d" -MT"Core/Src/main.o" --specs=nano.specs -mfpu=fpv4-sp-d16 -mfloat-abi=hard -mthumb -o "Core/Src/main.o"
arm-none-eabi-gcc "../Core/Src/rpm_sensor.c" -mcpu=cortex-m4 -std=gnu11 -g3 -DDEBUG -DUSE_HAL_DRIVER -DSTM32F446xx -c -I../Core/Inc -I../Drivers/STM32F4xx_HAL_Driver/Inc -I../Drivers/STM32F4xx_HAL_Driver/Inc/Legacy -I../Drivers/CMSIS/Device/ST/STM32F4xx/Include -I../Drivers/CMSIS/Include -O0 -ffunction-sections -fdata-sections -Wall -fstack-usage -fcyclomatic-complexity -MMD -MP -MF"Core/Src/rpm_sensor.d" -MT"Core/Src/rpm_sensor.o" --specs=nano.specs -mfpu=fpv4-sp-d16 -mfloat-abi=hard -mthumb -o "Core/Src/rpm_sensor.o"
arm-none-eabi-gcc "../Core/Src/telemetry.c" -mcpu=cortex-m4 -std=gnu11 -g3 -DDEBUG -DUSE_HAL_DRIVER -DSTM32F446xx -c -I../Core/Inc -I../Drivers/STM32F4xx_HAL_Driver/Inc -I../Drivers/STM32F4xx_HAL_Driver/Inc/Legacy -I../Drivers/CMSIS/Device/ST/STM32F4xx/Include -I../Drivers/CMSIS/Include -O0 -ffunction-sections -fdata-sections -Wall -fstack-usage -fcyclomatic-complexity -MMD -MP -MF"Core/Src/telemetry.d" -MT"Core/Src/telemetry.o" --specs=nano.specs -mfpu=fpv4-sp-d16 -mfloat-abi=hard -mthumb -o "Core/Src/telemetry.o"
../Core/Src/telemetry.c: In function 'HAL_UART_RxCpltCallback':
../Core/Src/telemetry.c:91:58: warning: format '%d' expects argument of type 'int', but argument 2 has type 'double' [-Wformat=]
   91 |                                 printf("\r\nTARGET RPM: %d\r\n>>", target_rpm);
      |                                                         ~^         ~~~~~~~~~~
      |                                                          |         |
      |                                                          int       double
      |                                                         %f
../Core/Src/rpm_sensor.c: In function 'RPM_Process_Data':
../Core/Src/rpm_sensor.c:71:30: warning: implicit declaration of function 'get_median_of_3' [-Wimplicit-function-declaration]
   71 |         float rpm_filtered = get_median_of_3(median_buffer[0], median_buffer[1], median_buffer[2]);
      |                              ^~~~~~~~~~~~~~~
../Core/Src/rpm_sensor.c: At top level:
../Core/Src/rpm_sensor.c:122:14: error: conflicting types for 'get_median_of_3'; have 'float(float,  float,  float)'
  122 | static float get_median_of_3(float a, float b, float c) {
      |              ^~~~~~~~~~~~~~~
../Core/Src/rpm_sensor.c:71:30: note: previous implicit declaration of 'get_median_of_3' with type 'int()'
   71 |         float rpm_filtered = get_median_of_3(median_buffer[0], median_buffer[1], median_buffer[2]);
      |                              ^~~~~~~~~~~~~~~
../Core/Src/rpm_sensor.c:122:14: warning: 'get_median_of_3' defined but not used [-Wunused-function]
  122 | static float get_median_of_3(float a, float b, float c) {
      |              ^~~~~~~~~~~~~~~
make: *** [Core/Src/subdir.mk:46: Core/Src/rpm_sensor.o] Error 1
make: *** Waiting for unfinished jobs....
"make -j8 all" terminated with exit code 2. Build might be incomplete.
14:27:47 **** Incremental Build of configuration Debug for project stm32-motor-feedback-control ****
make -j8 all 
arm-none-eabi-gcc "../Core/Src/rpm_sensor.c" -mcpu=cortex-m4 -std=gnu11 -g3 -DDEBUG -DUSE_HAL_DRIVER -DSTM32F446xx -c -I../Core/Inc -I../Drivers/STM32F4xx_HAL_Driver/Inc -I../Drivers/STM32F4xx_HAL_Driver/Inc/Legacy -I../Drivers/CMSIS/Device/ST/STM32F4xx/Include -I../Drivers/CMSIS/Include -O0 -ffunction-sections -fdata-sections -Wall -fstack-usage -fcyclomatic-complexity -MMD -MP -MF"Core/Src/rpm_sensor.d" -MT"Core/Src/rpm_sensor.o" --specs=nano.specs -mfpu=fpv4-sp-d16 -mfloat-abi=hard -mthumb -o "Core/Src/rpm_sensor.o"
arm-none-eabi-gcc -o "stm32-motor-feedback-control.elf" @"objects.list"   -mcpu=cortex-m4 -T"C:\Users\young\OneDrive\Documents\- Hardware Labs\ECEN-499-Motor-Feedback-Controller\STM32\stm32-motor-feedback-control\STM32F446RETX_FLASH.ld" --specs=nosys.specs -Wl,-Map="stm32-motor-feedback-control.map" -Wl,--gc-sections -static -u _printf_float --specs=nano.specs -mfpu=fpv4-sp-d16 -mfloat-abi=hard -mthumb -Wl,--start-group -lc -lm -Wl,--end-group
Finished building target: stm32-motor-feedback-control.elf
 
arm-none-eabi-size  stm32-motor-feedback-control.elf 
arm-none-eabi-objdump -h -S stm32-motor-feedback-control.elf  > "stm32-motor-feedback-control.list"
   text	   data	    bss	    dec	    hex	filename
  60300	    496	   3392	  64188	   fabc	stm32-motor-feedback-control.elf
Finished building: default.size.stdout
 
Finished building: stm32-motor-feedback-control.list
 
14:28:45 **** Incremental Build of configuration Debug for project stm32-motor-feedback-control ****
make -j8 all 
arm-none-eabi-size  stm32-motor-feedback-control.elf 
   text	   data	    bss	    dec	    hex	filename
  60300	    496	   3392	  64188	   fabc	stm32-motor-feedback-control.elf
Finished building: default.size.stdout
 
14:36:13 **** Incremental Build of configuration Debug for project stm32-motor-feedback-control ****
make -j8 all 
arm-none-eabi-gcc "../Core/Src/lcd.c" -mcpu=cortex-m4 -std=gnu11 -g3 -DDEBUG -DUSE_HAL_DRIVER -DSTM32F446xx -c -I../Core/Inc -I../Drivers/STM32F4xx_HAL_Driver/Inc -I../Drivers/STM32F4xx_HAL_Driver/Inc/Legacy -I../Drivers/CMSIS/Device/ST/STM32F4xx/Include -I../Drivers/CMSIS/Include -O0 -ffunction-sections -fdata-sections -Wall -fstack-usage -fcyclomatic-complexity -MMD -MP -MF"Core/Src/lcd.d" -MT"Core/Src/lcd.o" --specs=nano.specs -mfpu=fpv4-sp-d16 -mfloat-abi=hard -mthumb -o "Core/Src/lcd.o"
arm-none-eabi-gcc "../Core/Src/main.c" -mcpu=cortex-m4 -std=gnu11 -g3 -DDEBUG -DUSE_HAL_DRIVER -DSTM32F446xx -c -I../Core/Inc -I../Drivers/STM32F4xx_HAL_Driver/Inc -I../Drivers/STM32F4xx_HAL_Driver/Inc/Legacy -I../Drivers/CMSIS/Device/ST/STM32F4xx/Include -I../Drivers/CMSIS/Include -O0 -ffunction-sections -fdata-sections -Wall -fstack-usage -fcyclomatic-complexity -MMD -MP -MF"Core/Src/main.d" -MT"Core/Src/main.o" --specs=nano.specs -mfpu=fpv4-sp-d16 -mfloat-abi=hard -mthumb -o "Core/Src/main.o"
arm-none-eabi-gcc "../Core/Src/motor_control.c" -mcpu=cortex-m4 -std=gnu11 -g3 -DDEBUG -DUSE_HAL_DRIVER -DSTM32F446xx -c -I../Core/Inc -I../Drivers/STM32F4xx_HAL_Driver/Inc -I../Drivers/STM32F4xx_HAL_Driver/Inc/Legacy -I../Drivers/CMSIS/Device/ST/STM32F4xx/Include -I../Drivers/CMSIS/Include -O0 -ffunction-sections -fdata-sections -Wall -fstack-usage -fcyclomatic-complexity -MMD -MP -MF"Core/Src/motor_control.d" -MT"Core/Src/motor_control.o" --specs=nano.specs -mfpu=fpv4-sp-d16 -mfloat-abi=hard -mthumb -o "Core/Src/motor_control.o"
arm-none-eabi-gcc "../Core/Src/rpm_sensor.c" -mcpu=cortex-m4 -std=gnu11 -g3 -DDEBUG -DUSE_HAL_DRIVER -DSTM32F446xx -c -I../Core/Inc -I../Drivers/STM32F4xx_HAL_Driver/Inc -I../Drivers/STM32F4xx_HAL_Driver/Inc/Legacy -I../Drivers/CMSIS/Device/ST/STM32F4xx/Include -I../Drivers/CMSIS/Include -O0 -ffunction-sections -fdata-sections -Wall -fstack-usage -fcyclomatic-complexity -MMD -MP -MF"Core/Src/rpm_sensor.d" -MT"Core/Src/rpm_sensor.o" --specs=nano.specs -mfpu=fpv4-sp-d16 -mfloat-abi=hard -mthumb -o "Core/Src/rpm_sensor.o"
arm-none-eabi-gcc "../Core/Src/telemetry.c" -mcpu=cortex-m4 -std=gnu11 -g3 -DDEBUG -DUSE_HAL_DRIVER -DSTM32F446xx -c -I../Core/Inc -I../Drivers/STM32F4xx_HAL_Driver/Inc -I../Drivers/STM32F4xx_HAL_Driver/Inc/Legacy -I../Drivers/CMSIS/Device/ST/STM32F4xx/Include -I../Drivers/CMSIS/Include -O0 -ffunction-sections -fdata-sections -Wall -fstack-usage -fcyclomatic-complexity -MMD -MP -MF"Core/Src/telemetry.d" -MT"Core/Src/telemetry.o" --specs=nano.specs -mfpu=fpv4-sp-d16 -mfloat-abi=hard -mthumb -o "Core/Src/telemetry.o"
../Core/Src/telemetry.c: In function 'HAL_UART_RxCpltCallback':
../Core/Src/telemetry.c:91:58: warning: format '%d' expects argument of type 'int', but argument 2 has type 'double' [-Wformat=]
   91 |                                 printf("\r\nTARGET RPM: %d\r\n>>", target_rpm);
      |                                                         ~^         ~~~~~~~~~~
      |                                                          |         |
      |                                                          int       double
      |                                                         %f
arm-none-eabi-gcc -o "stm32-motor-feedback-control.elf" @"objects.list"   -mcpu=cortex-m4 -T"C:\Users\young\OneDrive\Documents\- Hardware Labs\ECEN-499-Motor-Feedback-Controller\STM32\stm32-motor-feedback-control\STM32F446RETX_FLASH.ld" --specs=nosys.specs -Wl,-Map="stm32-motor-feedback-control.map" -Wl,--gc-sections -static -u _printf_float --specs=nano.specs -mfpu=fpv4-sp-d16 -mfloat-abi=hard -mthumb -Wl,--start-group -lc -lm -Wl,--end-group
Finished building target: stm32-motor-feedback-control.elf
 
arm-none-eabi-size  stm32-motor-feedback-control.elf 
arm-none-eabi-objdump -h -S stm32-motor-feedback-control.elf  > "stm32-motor-feedback-control.list"
   text	   data	    bss	    dec	    hex	filename
  60308	    496	   3392	  64196	   fac4	stm32-motor-feedback-control.elf
Finished building: default.size.stdout
 
Finished building: stm32-motor-feedback-control.list
 
14:36:45 **** Incremental Build of configuration Debug for project stm32-motor-feedback-control ****
make -j8 all 
arm-none-eabi-gcc "../Core/Src/telemetry.c" -mcpu=cortex-m4 -std=gnu11 -g3 -DDEBUG -DUSE_HAL_DRIVER -DSTM32F446xx -c -I../Core/Inc -I../Drivers/STM32F4xx_HAL_Driver/Inc -I../Drivers/STM32F4xx_HAL_Driver/Inc/Legacy -I../Drivers/CMSIS/Device/ST/STM32F4xx/Include -I../Drivers/CMSIS/Include -O0 -ffunction-sections -fdata-sections -Wall -fstack-usage -fcyclomatic-complexity -MMD -MP -MF"Core/Src/telemetry.d" -MT"Core/Src/telemetry.o" --specs=nano.specs -mfpu=fpv4-sp-d16 -mfloat-abi=hard -mthumb -o "Core/Src/telemetry.o"
arm-none-eabi-gcc -o "stm32-motor-feedback-control.elf" @"objects.list"   -mcpu=cortex-m4 -T"C:\Users\young\OneDrive\Documents\- Hardware Labs\ECEN-499-Motor-Feedback-Controller\STM32\stm32-motor-feedback-control\STM32F446RETX_FLASH.ld" --specs=nosys.specs -Wl,-Map="stm32-motor-feedback-control.map" -Wl,--gc-sections -static -u _printf_float --specs=nano.specs -mfpu=fpv4-sp-d16 -mfloat-abi=hard -mthumb -Wl,--start-group -lc -lm -Wl,--end-group
Finished building target: stm32-motor-feedback-control.elf
 
arm-none-eabi-size  stm32-motor-feedback-control.elf 
arm-none-eabi-objdump -h -S stm32-motor-feedback-control.elf  > "stm32-motor-feedback-control.list"
   text	   data	    bss	    dec	    hex	filename
  60308	    496	   3392	  64196	   fac4	stm32-motor-feedback-control.elf
Finished building: default.size.stdout
 
Finished building: stm32-motor-feedback-control.list
 
14:36:56 **** Incremental Build of configuration Debug for project stm32-motor-feedback-control ****
make -j8 all 
arm-none-eabi-size  stm32-motor-feedback-control.elf 
   text	   data	    bss	    dec	    hex	filename
  60308	    496	   3392	  64196	   fac4	stm32-motor-feedback-control.elf
Finished building: default.size.stdout
 
