../Core/Src/main.c:131:7:get_median_of_3	24	static
../Core/Src/main.c:142:5:__io_putchar	16	static
../Core/Src/main.c:151:6:DWT_Init	4	static
../Core/Src/main.c:179:5:main	32	static
../Core/Src/main.c:368:6:SystemClock_Config	88	static
../Core/Src/main.c:422:13:MX_TIM2_Init	48	static
../Core/Src/main.c:480:13:MX_USART1_UART_Init	8	static
../Core/Src/main.c:513:13:MX_USART2_UART_Init	8	static
../Core/Src/main.c:544:13:MX_DMA_Init	16	static
../Core/Src/main.c:569:13:MX_GPIO_Init	48	static
../Core/Src/main.c:607:6:HAL_TIM_IC_CaptureHalfCpltCallback	16	static
../Core/Src/main.c:633:6:HAL_TIM_IC_CaptureCallback	16	static
../Core/Src/main.c:658:6:HAL_UART_RxCpltCallback	16	static
../Core/Src/main.c:699:6:Error_Handler	4	static,ignoring_inline_asm
