../Core/Src/main.c:85:5:__io_putchar	16	static
../Core/Src/main.c:95:5:main	16	static
../Core/Src/main.c:177:6:SystemClock_Config	88	static
../Core/Src/main.c:231:13:MX_TIM2_Init	48	static
../Core/Src/main.c:289:13:MX_TIM3_Init	32	static
../Core/Src/main.c:334:13:MX_USART2_UART_Init	8	static
../Core/Src/main.c:365:13:MX_DMA_Init	16	static
../Core/Src/main.c:383:13:MX_GPIO_Init	48	static
../Core/Src/main.c:453:6:HAL_TIM_PeriodElapsedCallback	40	static
../Core/Src/main.c:496:6:Error_Handler	4	static,ignoring_inline_asm
