../Core/Src/lcd.c:31:13:lcd_pulse_blocking	32	static
../Core/Src/lcd.c:41:13:lcd_write4_blocking	24	static
../Core/Src/lcd.c:47:6:LCD_Cmd	16	static
../Core/Src/lcd.c:52:6:LCD_Data	16	static
../Core/Src/lcd.c:59:13:add_to_dma_buffer	24	static
../Core/Src/lcd.c:78:6:LCD_Soft_Reset	8	static
../Core/Src/lcd.c:91:6:I2C_ClearBus	40	static,ignoring_inline_asm
../Core/Src/lcd.c:120:6:HAL_I2C_ErrorCallback	16	static
../Core/Src/lcd.c:128:6:LCD_Update_Display	48	static
../Core/Src/lcd.c:217:6:LCD_Init	8	static
../Core/Src/lcd.c:230:6:LCD_Clear	8	static
