../Core/Src/main.c:100:5:__io_putchar	16	static
../Core/Src/main.c:112:5:main	8	static
../Core/Src/main.c:200:6:SystemClock_Config	88	static
../Core/Src/main.c:254:13:MX_I2C1_Init	8	static
../Core/Src/main.c:288:13:MX_TIM1_Init	80	static
../Core/Src/main.c:353:13:MX_TIM2_Init	48	static
../Core/Src/main.c:411:13:MX_TIM8_Init	32	static
../Core/Src/main.c:457:13:MX_USART1_UART_Init	8	static
../Core/Src/main.c:490:13:MX_USART2_UART_Init	8	static
../Core/Src/main.c:521:13:MX_DMA_Init	16	static
../Core/Src/main.c:549:13:MX_GPIO_Init	48	static
../Core/Src/main.c:585:6:HAL_TIM_PeriodElapsedCallback	16	static
../Core/Src/main.c:604:6:Error_Handler	4	static,ignoring_inline_asm
