11:40:51 **** Build of configuration Debug for project optical-sensor ****
make -j8 all 
arm-none-eabi-gcc -o "optical-sensor.elf" @"objects.list"   -mcpu=cortex-m4 -T"C:\Users\young\OneDrive\Documents\- Hardware Labs\ECEN-499-Motor-Feedback-Controller\RPM-Sensor\optical-sensor\STM32F446RETX_FLASH.ld" --specs=nosys.specs -Wl,-Map="optical-sensor.map" -Wl,--gc-sections -static -u _printf_float --specs=nano.specs -mfpu=fpv4-sp-d16 -mfloat-abi=hard -mthumb -Wl,--start-group -lc -lm -Wl,--end-group
Finished building target: optical-sensor.elf
 
arm-none-eabi-size  optical-sensor.elf 
arm-none-eabi-objdump -h -S optical-sensor.elf  > "optical-sensor.list"
   text	   data	    bss	    dec	    hex	filename
  28436	    476	   2076	  30988	   790c	optical-sensor.elf
Finished building: default.size.stdout
 
Finished building: optical-sensor.list
 

11:40:52 Build Finished. 0 errors, 0 warnings. (took 985ms)

