../Core/Src/main.c:76:5:__io_putchar	16	static
../Core/Src/main.c:87:5:main	16	static
../Core/Src/main.c:145:6:SystemClock_Config	88	static
../Core/Src/main.c:193:13:MX_I2C1_Init	8	static
../Core/Src/main.c:227:13:MX_USART2_UART_Init	8	static
../Core/Src/main.c:260:13:MX_GPIO_Init	48	static
../Core/Src/main.c:305:6:MLX90393_PowerOn_Sequence	24	static
../Core/Src/main.c:336:6:MLX90393_Init	24	static
../Core/Src/main.c:355:6:MLX90393_VerifyConfig	24	static
../Core/Src/main.c:363:6:MLX90393_Verify_Reg2	24	static
../Core/Src/main.c:372:6:MLX90393_ReadData	40	static
../Core/Src/main.c:387:6:HAL_GPIO_EXTI_Callback	16	static
../Core/Src/main.c:398:6:Error_Handler	4	static,ignoring_inline_asm
